Unity Editor version:    6000.4.4f1 (360f97ecca93)
Branch:                  6000.4/staging
Build type:              Release
Batch mode:              YES
macOS version:           Version 15.6.1 (Build 24G90)
Darwin version:          24.6.0
Architecture:            arm64
Running under Rosetta:   NO
Available memory:        16384 MB
Date:                    2026-07-27T22:06:19Z
[Licensing::Module] Trying to connect to existing licensing client channel...
[Licensing::IpcConnector] Successfully connected to: "LicenseClient-jamesaspden" at "2026-07-27T22:06:19.024563Z"

COMMAND LINE ARGUMENTS:
/Applications/Unity/Hub/Editor/6000.4.4f1/Unity.app/Contents/MacOS/Unity
-adb2
-batchMode
-noUpm
-name
AssetImportWorker4
-projectPath
/Users/jamesaspden/Documents/GitHub/CarTesting
-logFile
Logs/AssetImportWorker4.log
-srvPort
56178
-licensingIpc
LicenseClient-jamesaspden
-force-metal
-job-worker-count
3
-background-job-worker-count
8
-gc-helper-count
1
-name AssetImport
Successfully changed project path to: /Users/jamesaspden/Documents/GitHub/CarTesting
/Users/jamesaspden/Documents/GitHub/CarTesting
[UnityMemory] Configuration Parameters - Can be set up in boot.config
    "memorysetup-temp-allocator-size-gi-baking-worker=262144"
    "memorysetup-temp-allocator-size-gi-baking-worker=262144"
    "memorysetup-temp-allocator-size-gi-baking-worker=262144"
    "memorysetup-temp-allocator-size-gi-baking-worker=262144"
    "memorysetup-temp-allocator-size-gi-baking-worker=262144"
    "memorysetup-temp-allocator-size-nav-mesh-worker=65536"
    "memorysetup-temp-allocator-size-audio-worker=65536"
    "memorysetup-temp-allocator-size-cloud-worker=32768"
    "memorysetup-allocator-temp-initial-block-size-main=262144"
    "memorysetup-allocator-temp-initial-block-size-worker=262144"
    "memorysetup-temp-allocator-size-background-worker=32768"
    "memorysetup-temp-allocator-size-job-worker=262144"
    "memorysetup-temp-allocator-size-preload-manager=33554432"
    "memorysetup-temp-allocator-size-gfx=262144"
    "memorysetup-bucket-allocator-granularity=16"
    "memorysetup-bucket-allocator-bucket-count=8"
    "memorysetup-bucket-allocator-block-size=33554432"
    "memorysetup-bucket-allocator-block-count=8"
    "memorysetup-main-allocator-block-size=16777216"
    "memorysetup-thread-allocator-block-size=16777216"
    "memorysetup-gfx-main-allocator-block-size=16777216"
    "memorysetup-gfx-thread-allocator-block-size=16777216"
    "memorysetup-cache-allocator-block-size=4194304"
    "memorysetup-typetree-allocator-block-size=2097152"
    "memorysetup-profiler-bucket-allocator-granularity=16"
    "memorysetup-profiler-bucket-allocator-bucket-count=8"
    "memorysetup-profiler-bucket-allocator-block-size=33554432"
    "memorysetup-profiler-bucket-allocator-block-count=8"
    "memorysetup-profiler-allocator-block-size=16777216"
    "memorysetup-profiler-editor-allocator-block-size=1048576"
    "memorysetup-temp-allocator-size-main=16777216"
    "memorysetup-job-temp-allocator-block-size=2097152"
    "memorysetup-job-temp-allocator-block-size-background=1048576"
    "memorysetup-job-temp-allocator-reduction-small-platforms=262144"
Player connection [8497488064]  Target information:

Player connection [8497488064]  * "[IP] 10.10.0.155 [Port] 0 [Flags] 2 [Guid] 1845142493 [EditorId] 1845142493 [Version] 1048832 [Id] OSXEditor(0,Jamess-MacBook-Air.local) [Debug] 1 [PackageName] OSXEditor [ProjectName] Editor" 

Player connection [8497488064] Host joined multi-casting on [225.0.0.222:54997]...
Player connection [8497488064] Host joined alternative multi-casting on [225.0.0.222:34997]...
JobSystem: Creating JobQueue using job-worker-count value 3
Input System module state changed to: Initialized.
[Physics::Module] Initialized fallback backend.
[Physics::Module] Id: 0xdecafbad
Library Redirect Path: Library/
[Physics::Module] Selected backend.
[Physics::Module] Name: PhysX
[Physics::Module] Id: 0xf2b8ea05
[Physics::Module] SDK Version: 4.1.2
[Physics::Module] Integration Version: 1.0.0
[Physics::Module] Threading Mode: Multi-Threaded
Refreshing native plugins compatible for Editor in 6.71 ms, found 2 plugins.
Initialize engine version: 6000.4.4f1 (360f97ecca93)
[Subsystems] Discovering subsystems at path /Applications/Unity/Hub/Editor/6000.4.4f1/Unity.app/Contents/Resources/UnitySubsystems
[Subsystems] Discovering subsystems at path /Users/jamesaspden/Documents/GitHub/CarTesting/Assets
Forcing GfxDevice: Metal
GfxDevice: creating device client; kGfxThreadingModeNonThreaded
 preferred device: Apple M3 (high power)
Metal devices available: 1
0: Apple M3 (high power)
Using device Apple M3 (high power)
Initializing Metal device caps: Apple M3
Mac GPU Family: 2
Apple GPU Family: 9
MSL Version: 3.0
Has Float MSAA: 1
Has Float Filtering: 1
ReadWrite Texture Tier: 2
[Licensing::Client] Handshaking with LicensingClient:
  Version:                 1.18.1+9fbee8e
  Session Id:              f481134209724bfbb3b2f49ce8413fac
  Correlation Id:          b824f71c508d8542ce266051fe75a449
  External correlation Id: 2310894993334032603
  Machine Id:              qlxbw7QE7buQNCWVDCvW4f+ONxQ=
[Licensing::Module] Successfully connected to LicensingClient on channel: "LicenseClient-jamesaspden" (connect: 0.00s, validation: 0.01s, handshake: 0.39s)
[Licensing::IpcConnector] Successfully connected to: "LicenseClient-jamesaspden-notifications" at "2026-07-27T22:06:19.42035Z"
[Licensing::Module] Licensing Background thread has ended after 0.40s
Initialize mono
Mono path[0] = '/Applications/Unity/Hub/Editor/6000.4.4f1/Unity.app/Contents/Resources/Scripting/Managed'
Mono path[1] = '/Applications/Unity/Hub/Editor/6000.4.4f1/Unity.app/Contents/Resources/Scripting/MonoBleedingEdge/lib/mono/unityjit-macos'
Mono config path = '/Applications/Unity/Hub/Editor/6000.4.4f1/Unity.app/Contents/Resources/Scripting/MonoBleedingEdge/etc'
Using monoOptions --debugger-agent=transport=dt_socket,embedding=1,server=y,suspend=n,address=127.0.0.1:56418
CodeReloadManager initialized
Begin MonoManager ReloadAssembly
Registering precompiled unity dll's ...
Register platform support module: /Applications/Unity/Hub/Editor/6000.4.4f1/Unity.app/Contents/PlaybackEngines/MacStandaloneSupport/UnityEditor.OSXStandalone.Extensions.dll
Registered in 0.001124 seconds.
Native extension for OSXStandalone target not found
Package Manager log level set to [2]
[Package Manager] Failed to launch server process. Reason: Unity was launched with the -noUpm command-line argument
[Package Manager] Unable to send message (not connected to server process).
[Package Manager] Cannot connect to Unity Package Manager local server
ScheduleIndexationOnStartup MainProcess:False IndexOnStartup:True
Mono: successfully reloaded assembly
- Finished resetting the current domain, in  0.291 seconds
Domain Reload Profiling: 629ms
	BeginReloadAssembly (82ms)
	RebuildCommonClasses (33ms)
	RebuildNativeTypeToScriptingClass (13ms)
	initialDomainReloadingComplete (42ms)
	LoadAllAssembliesAndSetupDomain (167ms)
		LoadAssemblies (82ms)
		AnalyzeDomain (159ms)
			TypeCache.Refresh (159ms)
				TypeCache.ScanAssembly (146ms)
	FinalizeReload (292ms)
		SetupLoadedEditorAssemblies (0ms)
			InitializePlatformSupportModulesInManaged (25ms)
			BeforeProcessingInitializeOnLoad (67ms)
			ProcessInitializeOnLoadAttributes (71ms)
			ProcessInitializeOnLoadMethodAttributes (69ms)
Assembly reference Packages/com.unity.cinemachine/Editor/Samples/ExposeHDRPInternals/HDRP-Editor-ref.asmref has no target assembly definition
[CoreBusinessMetrics] Unexpected thread when updating session info.
========================================================================
Worker process is ready to serve import requests
Import Worker Mode flag is 0x00
Assembly reference Packages/com.unity.cinemachine/Editor/Samples/ExposeHDRPInternals/HDRP-Editor-ref.asmref has no target assembly definition
Assembly reference Packages/com.unity.cinemachine/Editor/Samples/ExposeHDRPInternals/HDRP-Editor-ref.asmref has no target assembly definition
Begin MonoManager ReloadAssembly
[Licensing::Client] Successfully resolved entitlement details
[Licensing::Module] License group:
  Id: 17867501090831-UnityPersXXXX
  Product: Unity Personal
  Type: Assigned
  Expiration: Unlimited
Assembly Assembly-CSharp-Editor-firstpass.dll at Library/ScriptAssemblies/Assembly-CSharp-Editor-firstpass.dll not valid. Loading of assembly skipped.
Assembly Assembly-CSharp-firstpass.dll at Library/ScriptAssemblies/Assembly-CSharp-firstpass.dll not valid. Loading of assembly skipped.
Assembly DocCodeExamples.dll at Library/ScriptAssemblies/DocCodeExamples.dll not valid. Loading of assembly skipped.
Assembly TestNewCustomAssembly.dll at Library/ScriptAssemblies/TestNewCustomAssembly.dll not valid. Loading of assembly skipped.
Assembly Unity.Collections.BurstCompatibilityGen.dll at Library/ScriptAssemblies/Unity.Collections.BurstCompatibilityGen.dll not valid. Loading of assembly skipped.
Assembly Unity.Collections.DocCodeSamples.dll at Library/ScriptAssemblies/Unity.Collections.DocCodeSamples.dll not valid. Loading of assembly skipped.
Assembly Unity.Collections.PerformanceTests.dll at Library/ScriptAssemblies/Unity.Collections.PerformanceTests.dll not valid. Loading of assembly skipped.
Assembly Unity.Collections.Tests.dll at Library/ScriptAssemblies/Unity.Collections.Tests.dll not valid. Loading of assembly skipped.
Assembly Unity.Collections.Tests.Playmode.dll at Library/ScriptAssemblies/Unity.Collections.Tests.Playmode.dll not valid. Loading of assembly skipped.
Assembly Unity.InputSystem.IntegrationTests.dll at Library/ScriptAssemblies/Unity.InputSystem.IntegrationTests.dll not valid. Loading of assembly skipped.
Assembly Unity.Mathematics.Tests.dll at Library/ScriptAssemblies/Unity.Mathematics.Tests.dll not valid. Loading of assembly skipped.
Assembly Unity.Multiplayer.Center.Editor.Tests.dll at Library/ScriptAssemblies/Unity.Multiplayer.Center.Editor.Tests.dll not valid. Loading of assembly skipped.
Assembly Unity.Multiplayer.Center.Tests.dll at Library/ScriptAssemblies/Unity.Multiplayer.Center.Tests.dll not valid. Loading of assembly skipped.
Assembly Unity.Nuget.Mono-Cecil.dll at Library/ScriptAssemblies/Unity.Nuget.Mono-Cecil.dll not valid. Loading of assembly skipped.
Assembly Unity.PathTracing.Editor.Tests.dll at Library/ScriptAssemblies/Unity.PathTracing.Editor.Tests.dll not valid. Loading of assembly skipped.
Assembly Unity.PathTracing.Runtime.Tests.dll at Library/ScriptAssemblies/Unity.PathTracing.Runtime.Tests.dll not valid. Loading of assembly skipped.
Assembly Unity.Postprocessing.Editor.Tests.dll at Library/ScriptAssemblies/Unity.Postprocessing.Editor.Tests.dll not valid. Loading of assembly skipped.
Assembly Unity.Postprocessing.Runtime.Tests.dll at Library/ScriptAssemblies/Unity.Postprocessing.Runtime.Tests.dll not valid. Loading of assembly skipped.
Assembly Unity.RenderPipelines.Core.Editor.Tests.dll at Library/ScriptAssemblies/Unity.RenderPipelines.Core.Editor.Tests.dll not valid. Loading of assembly skipped.
Assembly Unity.RenderPipelines.Core.Runtime.Tests.dll at Library/ScriptAssemblies/Unity.RenderPipelines.Core.Runtime.Tests.dll not valid. Loading of assembly skipped.
Assembly Unity.RenderPipelines.Universal.Config.Editor.Tests.dll at Library/ScriptAssemblies/Unity.RenderPipelines.Universal.Config.Editor.Tests.dll not valid. Loading of assembly skipped.
Assembly Unity.RenderPipelines.Universal.Editor.Tests.dll at Library/ScriptAssemblies/Unity.RenderPipelines.Universal.Editor.Tests.dll not valid. Loading of assembly skipped.
Assembly Unity.RenderPipelines.Universal.Runtime.Tests.dll at Library/ScriptAssemblies/Unity.RenderPipelines.Universal.Runtime.Tests.dll not valid. Loading of assembly skipped.
Assembly Unity.Searcher.EditorTests.dll at Library/ScriptAssemblies/Unity.Searcher.EditorTests.dll not valid. Loading of assembly skipped.
Assembly Unity.Settings.Tests.dll at Library/ScriptAssemblies/Unity.Settings.Tests.dll not valid. Loading of assembly skipped.
Assembly Unity.ShaderGraph.Editor.Tests.dll at Library/ScriptAssemblies/Unity.ShaderGraph.Editor.Tests.dll not valid. Loading of assembly skipped.
Assembly Unity.TextMeshPro.Editor.Tests.dll at Library/ScriptAssemblies/Unity.TextMeshPro.Editor.Tests.dll not valid. Loading of assembly skipped.
Assembly Unity.TextMeshPro.Tests.dll at Library/ScriptAssemblies/Unity.TextMeshPro.Tests.dll not valid. Loading of assembly skipped.
Assembly Unity.UnifiedRayTracing.Editor.Tests.dll at Library/ScriptAssemblies/Unity.UnifiedRayTracing.Editor.Tests.dll not valid. Loading of assembly skipped.
Assembly UnityEditor.UI.Common.Tests.dll at Library/ScriptAssemblies/UnityEditor.UI.Common.Tests.dll not valid. Loading of assembly skipped.
Assembly UnityEditor.UI.EditorTests.dll at Library/ScriptAssemblies/UnityEditor.UI.EditorTests.dll not valid. Loading of assembly skipped.
Assembly UnityEngine.UI.Tests.dll at Library/ScriptAssemblies/UnityEngine.UI.Tests.dll not valid. Loading of assembly skipped.
Assembly reference Packages/com.unity.cinemachine/Editor/Samples/ExposeHDRPInternals/HDRP-Editor-ref.asmref has no target assembly definition
'Packages/com.unity.cinemachine/Editor/Obsolete/CinemachineVirtualCameraBaseEditor.cs' contains partial class of Unity.Object, exactly 1 of the partial classes needs to be in a file with the same filename. This is to know the one that can be referenced from ie. GameObjects
'Packages/com.unity.cinemachine/Editor/Editors/CinemachineVirtualCameraBaseEditor.cs' contains partial class of Unity.Object, exactly 1 of the partial classes needs to be in a file with the same filename. This is to know the one that can be referenced from ie. GameObjects
Native extension for OSXStandalone target not found
Assembly reference Packages/com.unity.cinemachine/Editor/Samples/ExposeHDRPInternals/HDRP-Editor-ref.asmref has no target assembly definition
[Package Manager] Failed to launch server process. Reason: Unity was launched with the -noUpm command-line argument
[Package Manager] Unable to send message (not connected to server process).
[Package Manager] Cannot connect to Unity Package Manager local server
[Package Manager] Failed to launch server process. Reason: Unity was launched with the -noUpm command-line argument
[Package Manager] Unable to send message (not connected to server process).
[Package Manager] Cannot connect to Unity Package Manager local server
[Package Manager] Failed to launch server process. Reason: Unity was launched with the -noUpm command-line argument
[Package Manager] Unable to send message (not connected to server process).
[Package Manager] Cannot connect to Unity Package Manager local server
ScheduleIndexationOnStartup MainProcess:False IndexOnStartup:True
Mono: successfully reloaded assembly
- Finished resetting the current domain, in  0.595 seconds
Domain Reload Profiling: 1165ms
	BeginReloadAssembly (115ms)
		DisableScriptedObjects (3ms)
		CreateAndSetChildDomain (44ms)
	RebuildCommonClasses (31ms)
	RebuildNativeTypeToScriptingClass (10ms)
	initialDomainReloadingComplete (53ms)
	LoadAllAssembliesAndSetupDomain (361ms)
		LoadAssemblies (216ms)
		AnalyzeDomain (181ms)
			TypeCache.Refresh (137ms)
				TypeCache.ScanAssembly (125ms)
			BuildScriptInfoCaches (34ms)
			ResolveRequiredComponents (8ms)
	FinalizeReload (595ms)
		SetupLoadedEditorAssemblies (0ms)
			BeforeProcessingInitializeOnLoad (113ms)
			ProcessInitializeOnLoadAttributes (232ms)
			ProcessInitializeOnLoadMethodAttributes (81ms)
WARNING: Shader Unsupported: 'Universal Render Pipeline/VR/SpatialMapping/Wireframe' - All subshaders removed
WARNING: Shader Did you use #pragma only_renderers and omit this platform?
WARNING: Shader If subshaders removal was intentional, you may have forgotten turning Fallback off?
Shader Hidden/ChartRasterizerHardware is not supported: GPU does not support conservative rasterization
Shader Hidden/ChartRasterizerHardware is not supported: GPU does not support conservative rasterization
Launching external process: /Applications/Unity/Hub/Editor/6000.4.4f1/Unity.app/Contents/Helpers/UnityShaderCompiler
Launched and connected shader compiler UnityShaderCompiler after 0.04 seconds
Unloading 39 Unused Serialized files (Serialized files now loaded: 0)
Unloading 7117 unused Assets / (6.0 MB). Loaded Objects now: 8084.
Memory consumption went from 192.9 MB to 186.9 MB.
Total: 7.602166 ms (FindLiveObjects: 1.246416 ms CreateObjectMapping: 0.286208 ms MarkObjects: 4.659209 ms  DeleteObjects: 1.410041 ms)

========================================================================
Received Import Request.
  Time since last request: 406881.921272 seconds.
  path: Assets/RoadArchitect/ManualImages/otherbg.png
  importAddress: Guid(c7d6727c379ee524aabdda2cce5350b1) Importer(815301076,1909f56bfc062723c751e8b465ee728b)
Start importing Assets/RoadArchitect/ManualImages/otherbg.png using Guid(c7d6727c379ee524aabdda2cce5350b1) Importer(815301076,1909f56bfc062723c751e8b465ee728b) (PreviewImporter) -> (Import Result ID: 'e5ee1eed2dd97b12679931527a45d98a') in 0.040480416 seconds [static and dynamic dependencies]. Details - ImportResultOutputID=2d146e392b375df56beedde02bf895f9 DependenciesID=ef974bca7324c8fa71a3057a5643589e StaticDependenciesID=05d1c7b9cddfd05301268f3cd9b98b67 
Number of updated asset objects reloaded before import = 0Number of asset objects unloaded after import = 2

========================================================================
Received Import Request.
  Time since last request: 0.000073 seconds.
  path: Assets/RoadArchitect/Editor/Icons/refresh2.png
  importAddress: Guid(d0070cb26816cb54a86532d773641deb) Importer(815301076,1909f56bfc062723c751e8b465ee728b)
Start importing Assets/RoadArchitect/Editor/Icons/refresh2.png using Guid(d0070cb26816cb54a86532d773641deb) Importer(815301076,1909f56bfc062723c751e8b465ee728b) (PreviewImporter) -> (Import Result ID: '7c1425c21057b7621de203feb6bdac0e') in 0.002912958 seconds [static and dynamic dependencies]. Details - ImportResultOutputID=301068a25f15ef0cf0b9e4b0b08f73f2 DependenciesID=670c6354086ca919bbd37a37f38f3d9c StaticDependenciesID=b0256ac950f38620e2ee16bd9e261506 
Number of updated asset objects reloaded before import = 0Number of asset objects unloaded after import = 2

========================================================================
Received Import Request.
  Time since last request: 0.000057 seconds.
  path: Assets/EasyRoads3D/textures/editor/locked.png
  importAddress: Guid(8fb7d6b5f8b40f34e8048f47afa20f2a) Importer(815301076,1909f56bfc062723c751e8b465ee728b)
Start importing Assets/EasyRoads3D/textures/editor/locked.png using Guid(8fb7d6b5f8b40f34e8048f47afa20f2a) Importer(815301076,1909f56bfc062723c751e8b465ee728b) (PreviewImporter) -> (Import Result ID: '18d43dc9c79da4df9f386d9d0a253a85') in 0.06819625 seconds [static and dynamic dependencies]. Details - ImportResultOutputID=083fcf07b36874c4d31f56d15c95e4b0 DependenciesID=38d59cdc107e905ea118bb3fa54371c9 StaticDependenciesID=a077e8be9bc17dd106039b6d1180aed4 
Number of updated asset objects reloaded before import = 0Number of asset objects unloaded after import = 3

========================================================================
Received Import Request.
  Time since last request: 0.000051 seconds.
  path: Assets/RoadArchitect/Textures/FedSigns/396/KeepRightDiffuse.png
  importAddress: Guid(3b410a0602fb619409ee93cbfa0acb9b) Importer(815301076,1909f56bfc062723c751e8b465ee728b)
Start importing Assets/RoadArchitect/Textures/FedSigns/396/KeepRightDiffuse.png using Guid(3b410a0602fb619409ee93cbfa0acb9b) Importer(815301076,1909f56bfc062723c751e8b465ee728b) (PreviewImporter) -> (Import Result ID: 'd90fca7f1b01c61440df94cfd796e8ac') in 0.004330625 seconds [static and dynamic dependencies]. Details - ImportResultOutputID=241a2ca79c120aebe844eb5f7bb75934 DependenciesID=02fb8c3b728f0a3ff3ecdce8a64d7ae1 StaticDependenciesID=ca93d0a280b4b763e4367025e929de6d 
Number of updated asset objects reloaded before import = 0Number of asset objects unloaded after import = 2

========================================================================
Received Import Request.
  Time since last request: 0.000042 seconds.
  path: Assets/RoadArchitect/ManualImages/refresh.png
  importAddress: Guid(8b7a040467b4064439dde0200fcc8cb2) Importer(815301076,1909f56bfc062723c751e8b465ee728b)
Start importing Assets/RoadArchitect/ManualImages/refresh.png using Guid(8b7a040467b4064439dde0200fcc8cb2) Importer(815301076,1909f56bfc062723c751e8b465ee728b) (PreviewImporter) -> (Import Result ID: 'f7c9f7d0201c0db6245e0c7315a38d56') in 0.00266 seconds [static and dynamic dependencies]. Details - ImportResultOutputID=57318063443fe67cce9884272c19c758 DependenciesID=d34b0ba544ee217f21e2dcfa6365dd24 StaticDependenciesID=8c84d436cec83d1fd6e72403b7866194 
Number of updated asset objects reloaded before import = 0Number of asset objects unloaded after import = 2

========================================================================
Received Import Request.
  Time since last request: 0.000048 seconds.
  path: Assets/RoadArchitect/Textures/Signs/RoadConBarrelNormal.png
  importAddress: Guid(07c9d7e24a56d984c90f3c692dfe398b) Importer(815301076,1909f56bfc062723c751e8b465ee728b)
Start importing Assets/RoadArchitect/Textures/Signs/RoadConBarrelNormal.png using Guid(07c9d7e24a56d984c90f3c692dfe398b) Importer(815301076,1909f56bfc062723c751e8b465ee728b) (PreviewImporter) -> (Import Result ID: '4c4de14dc57ed017d48bcb93d07f7194') in 0.006608542 seconds [static and dynamic dependencies]. Details - ImportResultOutputID=50c54cb5309e3caa58ff648e968d389d DependenciesID=ee5139919b8a8419d2fcfc96f8716043 StaticDependenciesID=7bffb4dfb10726ed0ea5857482f99c18 
Number of updated asset objects reloaded before import = 0Number of asset objects unloaded after import = 2

========================================================================
Received Import Request.
  Time since last request: 0.000068 seconds.
  path: Assets/RoadArchitect/Textures/FedSigns/330/MedianAlertLeftDiffuse.png
  importAddress: Guid(33d5b96491d9b6a4182b55c23d5a42ce) Importer(815301076,1909f56bfc062723c751e8b465ee728b)
Start importing Assets/RoadArchitect/Textures/FedSigns/330/MedianAlertLeftDiffuse.png using Guid(33d5b96491d9b6a4182b55c23d5a42ce) Importer(815301076,1909f56bfc062723c751e8b465ee728b) (PreviewImporter) -> (Import Result ID: '7959a1fabe9223d130dc9b8cac019108') in 0.003697667 seconds [static and dynamic dependencies]. Details - ImportResultOutputID=4f5d113f8da415a4cad77f8696496628 DependenciesID=1b492af1a0306e2b3458cbc73164d150 StaticDependenciesID=0f2f9eece5bfc434fc435749ae66500b 
Number of updated asset objects reloaded before import = 0Number of asset objects unloaded after import = 2

========================================================================
Received Import Request.
  Time since last request: 0.000058 seconds.
  path: Assets/RoadArchitect/ManualImages/save.png
  importAddress: Guid(518b2620bf0955b4899e978bf05be744) Importer(815301076,1909f56bfc062723c751e8b465ee728b)
Start importing Assets/RoadArchitect/ManualImages/save.png using Guid(518b2620bf0955b4899e978bf05be744) Importer(815301076,1909f56bfc062723c751e8b465ee728b) (PreviewImporter) -> (Import Result ID: '0dc739b285520aa61dcff23f5955b4d4') in 0.0029295 seconds [static and dynamic dependencies]. Details - ImportResultOutputID=5b19bd86f62c7c49cdf495e521832c52 DependenciesID=fe51c0dcc87ebf2a0774ba150a168988 StaticDependenciesID=1bc22e0b101ac8976f400b9417c5944a 
Number of updated asset objects reloaded before import = 0Number of asset objects unloaded after import = 2

========================================================================
Received Import Request.
  Time since last request: 0.000043 seconds.
  path: Assets/RoadArchitect/Textures/Metal1Normal.png
  importAddress: Guid(415cbd2250a921e4ba2802776b571271) Importer(815301076,1909f56bfc062723c751e8b465ee728b)
Start importing Assets/RoadArchitect/Textures/Metal1Normal.png using Guid(415cbd2250a921e4ba2802776b571271) Importer(815301076,1909f56bfc062723c751e8b465ee728b) (PreviewImporter) -> (Import Result ID: 'f155e20ff0708d5d2cdbda99058ed4c5') in 0.004431041 seconds [static and dynamic dependencies]. Details - ImportResultOutputID=9d62c8e3e14cf11acc31c12b8ea0b63b DependenciesID=f49ea73b1a545537a69a321741cd5cdf StaticDependenciesID=e10502ff89c74c9091ca5c39174e03f8 
Number of updated asset objects reloaded before import = 0Number of asset objects unloaded after import = 2

========================================================================
Received Import Request.
  Time since last request: 0.000035 seconds.
  path: Assets/RoadArchitect/Textures/Signs/RoadReflectorNormal.png
  importAddress: Guid(ec77b0f247eeab0488233786da9dcece) Importer(815301076,1909f56bfc062723c751e8b465ee728b)
Start importing Assets/RoadArchitect/Textures/Signs/RoadReflectorNormal.png using Guid(ec77b0f247eeab0488233786da9dcece) Importer(815301076,1909f56bfc062723c751e8b465ee728b) (PreviewImporter) -> (Import Result ID: '01f0b6b7d32f4707bdf24c6ed7bc4873') in 0.003752292 seconds [static and dynamic dependencies]. Details - ImportResultOutputID=7a2e51c6849f10595f06d7421e464021 DependenciesID=fa8a0d67cb83a258f2326c07d681a92a StaticDependenciesID=141e3b48fe623f15948fc72784fcf26f 
Number of updated asset objects reloaded before import = 0Number of asset objects unloaded after import = 2

========================================================================
Received Import Request.
  Time since last request: 0.000068 seconds.
  path: Assets/RoadArchitect/ManualImages/Extra/SS5-640.jpg
  importAddress: Guid(ea822410ab28fe9469f659f75ac2adf9) Importer(815301076,1909f56bfc062723c751e8b465ee728b)
Start importing Assets/RoadArchitect/ManualImages/Extra/SS5-640.jpg using Guid(ea822410ab28fe9469f659f75ac2adf9) Importer(815301076,1909f56bfc062723c751e8b465ee728b) (PreviewImporter) -> (Import Result ID: '8de1376965f67c45bf255e4687498100') in 0.003955708 seconds [static and dynamic dependencies]. Details - ImportResultOutputID=1193a6c860ab09ba2e77c5b7a409dbd2 DependenciesID=ec9d980b79ad8949fdf2ea6b0d8f7e1c StaticDependenciesID=999e65127b87e893375a3ae34ea343b6 
Number of updated asset objects reloaded before import = 0Number of asset objects unloaded after import = 2

========================================================================
Received Import Request.
  Time since last request: 0.000170 seconds.
  path: Assets/RoadArchitect/Textures/FedSigns/617/NY385Diffuse.png
  importAddress: Guid(0a08c6c5f8e3fe24ea8b99dfa08b740c) Importer(815301076,1909f56bfc062723c751e8b465ee728b)
Start importing Assets/RoadArchitect/Textures/FedSigns/617/NY385Diffuse.png using Guid(0a08c6c5f8e3fe24ea8b99dfa08b740c) Importer(815301076,1909f56bfc062723c751e8b465ee728b) (PreviewImporter) -> (Import Result ID: '17c8f98e8968b8593acb767ee5690883') in 0.003782125 seconds [static and dynamic dependencies]. Details - ImportResultOutputID=24e7e3af315f633dedb34c012ec75568 DependenciesID=c05854264cc974a2227c90aaeb4b2720 StaticDependenciesID=3ea6825986d1bcf75eda6a242a4c7d44 
Number of updated asset objects reloaded before import = 0Number of asset objects unloaded after import = 2

========================================================================
Received Import Request.
  Time since last request: 0.000054 seconds.
  path: Assets/RoadArchitect/Textures/Signs/SignYieldOnGreenDiffuse.png
  importAddress: Guid(70771558d8162a843ae0fdb3eefd5c37) Importer(815301076,1909f56bfc062723c751e8b465ee728b)
Start importing Assets/RoadArchitect/Textures/Signs/SignYieldOnGreenDiffuse.png using Guid(70771558d8162a843ae0fdb3eefd5c37) Importer(815301076,1909f56bfc062723c751e8b465ee728b) (PreviewImporter) -> (Import Result ID: '97a313264e4ccde69df8ed7e61a74186') in 0.003690167 seconds [static and dynamic dependencies]. Details - ImportResultOutputID=8058caf4304e19668e543ef6cc87b4fa DependenciesID=85dc1a671e1e2c89a8733b00d7a39620 StaticDependenciesID=ebb40c3c4ea6e33f7403f24657c0f40f 
Number of updated asset objects reloaded before import = 0Number of asset objects unloaded after import = 2

========================================================================
Received Import Request.
  Time since last request: 0.000153 seconds.
  path: Assets/RoadArchitect/Textures/Steel3Normal.png
  importAddress: Guid(3039a5efa1a30ec4889c344d25daab61) Importer(815301076,1909f56bfc062723c751e8b465ee728b)
Start importing Assets/RoadArchitect/Textures/Steel3Normal.png using Guid(3039a5efa1a30ec4889c344d25daab61) Importer(815301076,1909f56bfc062723c751e8b465ee728b) (PreviewImporter) -> (Import Result ID: '89b5f977114c8cc045106bcbf51a9d7d') in 0.004061791 seconds [static and dynamic dependencies]. Details - ImportResultOutputID=90d48d6623dcae58d97972582a6937d7 DependenciesID=e149ebe1fc19f6a5add584053eb74674 StaticDependenciesID=425d709915077000f662a77fd0b5a397 
Number of updated asset objects reloaded before import = 0Number of asset objects unloaded after import = 2

========================================================================
Received Import Request.
  Time since last request: 0.000082 seconds.
  path: Assets/RoadArchitect/ManualImages/QuickStartBridge1b.png
  importAddress: Guid(ee37d973d5c4e6f41930f48552c95250) Importer(815301076,1909f56bfc062723c751e8b465ee728b)
Start importing Assets/RoadArchitect/ManualImages/QuickStartBridge1b.png using Guid(ee37d973d5c4e6f41930f48552c95250) Importer(815301076,1909f56bfc062723c751e8b465ee728b) (PreviewImporter) -> (Import Result ID: '2931c90aaf146be6fe679fa77223d78a') in 0.00437225 seconds [static and dynamic dependencies]. Details - ImportResultOutputID=8d3163f5721842582d491cf8b4fec0e2 DependenciesID=4385fba117f92fe461a17d5e82771d5f StaticDependenciesID=0263ce71a83f824be7aff53eb7c43b64 
Number of updated asset objects reloaded before import = 0Number of asset objects unloaded after import = 2

========================================================================
Received Import Request.
  Time since last request: 0.000091 seconds.
  path: Assets/RoadArchitect/ManualImages/Extra/SS7-640.jpg
  importAddress: Guid(630a94473a9ce474ba2112d2ec37ca42) Importer(815301076,1909f56bfc062723c751e8b465ee728b)
Start importing Assets/RoadArchitect/ManualImages/Extra/SS7-640.jpg using Guid(630a94473a9ce474ba2112d2ec37ca42) Importer(815301076,1909f56bfc062723c751e8b465ee728b) (PreviewImporter) -> (Import Result ID: 'ea4b4d22e319e051cf2f3cde43a589f8') in 0.003506959 seconds [static and dynamic dependencies]. Details - ImportResultOutputID=51d8d25de7bfe41b97b9c6471e48802b DependenciesID=63fe6ce078dc2914128dc9021cf1af54 StaticDependenciesID=cb3aabcf6d6bd79003611566e5bedeab 
Number of updated asset objects reloaded before import = 0Number of asset objects unloaded after import = 2

========================================================================
Received Import Request.
  Time since last request: 0.000095 seconds.
  path: Assets/RoadArchitect/Textures/Markers/OneLane.png
  importAddress: Guid(6ddd19bb54744cf4583178653a0dc641) Importer(815301076,1909f56bfc062723c751e8b465ee728b)
Start importing Assets/RoadArchitect/Textures/Markers/OneLane.png using Guid(6ddd19bb54744cf4583178653a0dc641) Importer(815301076,1909f56bfc062723c751e8b465ee728b) (PreviewImporter) -> (Import Result ID: '3ad11d94bdbafd6311b5b1e835735e54') in 0.004613791 seconds [static and dynamic dependencies]. Details - ImportResultOutputID=a4939f3082d709813085c26bd79edf02 DependenciesID=cc5083ed6245b8a6c2a3490e1f3aa105 StaticDependenciesID=a4986376dd15b40ff1a43df61f9ea18c 
Number of updated asset objects reloaded before import = 0Number of asset objects unloaded after import = 2

========================================================================
Received Import Request.
  Time since last request: 0.000055 seconds.
  path: Assets/RoadArchitect/Textures/Markers/InterYellowLWhiteR_Diffuse.png
  importAddress: Guid(158ead2656f37b14aa655771f4967fbe) Importer(815301076,1909f56bfc062723c751e8b465ee728b)
Start importing Assets/RoadArchitect/Textures/Markers/InterYellowLWhiteR_Diffuse.png using Guid(158ead2656f37b14aa655771f4967fbe) Importer(815301076,1909f56bfc062723c751e8b465ee728b) (PreviewImporter) -> (Import Result ID: '19dc14f96de2ffbc98e3fe6b14fc5c4a') in 0.004161625 seconds [static and dynamic dependencies]. Details - ImportResultOutputID=9b6504c94ec6e445887086c221f6c91b DependenciesID=4076799a02011f03499e7ddde6efc020 StaticDependenciesID=2c95f0970a5372c59f636638ca74fb04 
Number of updated asset objects reloaded before import = 0Number of asset objects unloaded after import = 2

========================================================================
Received Import Request.
  Time since last request: 0.000052 seconds.
  path: Assets/RoadArchitect/Textures/FedSigns/396/StayInLaneDiffuse.png
  importAddress: Guid(eda99410793d16c48b61e1a9330389eb) Importer(815301076,1909f56bfc062723c751e8b465ee728b)
Start importing Assets/RoadArchitect/Textures/FedSigns/396/StayInLaneDiffuse.png using Guid(eda99410793d16c48b61e1a9330389eb) Importer(815301076,1909f56bfc062723c751e8b465ee728b) (PreviewImporter) -> (Import Result ID: '6405bb768756ace3acad8e68741265e9') in 0.004302166 seconds [static and dynamic dependencies]. Details - ImportResultOutputID=44c4e4e1e1a693c24e48cd4920af55bb DependenciesID=14e0e33d45d3bca59389206cfd3fcae1 StaticDependenciesID=f286fc1a4122423e72a4761123193731 
Number of updated asset objects reloaded before import = 0Number of asset objects unloaded after import = 2

========================================================================
Received Import Request.
  Time since last request: 0.000128 seconds.
  path: Assets/EasyRoads3D/textures/editor/m_prefabs.png
  importAddress: Guid(ffc15be4bded7b34f9f406cde082a4a2) Importer(815301076,1909f56bfc062723c751e8b465ee728b)
Start importing Assets/EasyRoads3D/textures/editor/m_prefabs.png using Guid(ffc15be4bded7b34f9f406cde082a4a2) Importer(815301076,1909f56bfc062723c751e8b465ee728b) (PreviewImporter) -> (Import Result ID: '6884a267a3c5df6fe34e28e24558590d') in 0.007474666 seconds [static and dynamic dependencies]. Details - ImportResultOutputID=94da053d65c712cb75a0ab72c34cb585 DependenciesID=adab436ab592d05cf633e04caa0aba45 StaticDependenciesID=9915cb9564dee871e8050187422179f0 
Number of updated asset objects reloaded before import = 0Number of asset objects unloaded after import = 3

========================================================================
Received Import Request.
  Time since last request: 0.000061 seconds.
  path: Assets/RoadArchitect/Textures/FedSigns/988/TowingDiffuse.png
  importAddress: Guid(41cbd2468ff62d2469e7419d0e6eb6b8) Importer(815301076,1909f56bfc062723c751e8b465ee728b)
Start importing Assets/RoadArchitect/Textures/FedSigns/988/TowingDiffuse.png using Guid(41cbd2468ff62d2469e7419d0e6eb6b8) Importer(815301076,1909f56bfc062723c751e8b465ee728b) (PreviewImporter) -> (Import Result ID: '88dc4e4bfdf15d7ebd9c8eb9fab23752') in 0.005106166 seconds [static and dynamic dependencies]. Details - ImportResultOutputID=6cd7037d90381bc372b7f96fed69237b DependenciesID=984c77541aa5b9cf2051165a532e6c8a StaticDependenciesID=6e753993adbf69869c6f23b6f80b6db1 
Number of updated asset objects reloaded before import = 0Number of asset objects unloaded after import = 2

========================================================================
Received Import Request.
  Time since last request: 0.000085 seconds.
  path: Assets/RoadArchitect/Textures/Signs/StreetLightDiffuse.png
  importAddress: Guid(34583ff43bbb1df4e823ede4a64402b8) Importer(815301076,1909f56bfc062723c751e8b465ee728b)
Start importing Assets/RoadArchitect/Textures/Signs/StreetLightDiffuse.png using Guid(34583ff43bbb1df4e823ede4a64402b8) Importer(815301076,1909f56bfc062723c751e8b465ee728b) (PreviewImporter) -> (Import Result ID: '8dd482b699268dbae18828d13c985839') in 0.005051084 seconds [static and dynamic dependencies]. Details - ImportResultOutputID=3a8740c2e65d7f27b49a29917c4bbf52 DependenciesID=284a0645deab36fbba77e7e21cf15df0 StaticDependenciesID=d8d665a16ee0ead4d7713f51780e434c 
Number of updated asset objects reloaded before import = 0Number of asset objects unloaded after import = 2

========================================================================
Received Import Request.
  Time since last request: 0.000037 seconds.
  path: Assets/RoadArchitect/Textures/FedSigns/Square/NoUTurnDiffuse.png
  importAddress: Guid(fb2b7e31e95701345991bb18be8c8cb9) Importer(815301076,1909f56bfc062723c751e8b465ee728b)
Start importing Assets/RoadArchitect/Textures/FedSigns/Square/NoUTurnDiffuse.png using Guid(fb2b7e31e95701345991bb18be8c8cb9) Importer(815301076,1909f56bfc062723c751e8b465ee728b) (PreviewImporter) -> (Import Result ID: '54949f1695d03bbcf407e011fa9bdcda') in 0.00453575 seconds [static and dynamic dependencies]. Details - ImportResultOutputID=9b371b23032789d079dbbf36ba91997d DependenciesID=33ebd0e7dd2d1b41bf0d0cd7a321b26c StaticDependenciesID=4bb888feb3c21d27443fbbe17f63bb3e 
Number of updated asset objects reloaded before import = 0Number of asset objects unloaded after import = 2

========================================================================
Received Import Request.
  Time since last request: 0.000056 seconds.
  path: Assets/RoadArchitect/Textures/FedSigns/396/SchoolZone15mphDiffuse.png
  importAddress: Guid(207e34bb508f0c440b8b04d7a80cc1cb) Importer(815301076,1909f56bfc062723c751e8b465ee728b)
Start importing Assets/RoadArchitect/Textures/FedSigns/396/SchoolZone15mphDiffuse.png using Guid(207e34bb508f0c440b8b04d7a80cc1cb) Importer(815301076,1909f56bfc062723c751e8b465ee728b) (PreviewImporter) -> (Import Result ID: '427aef268f9e0f482f82f9a4b17d62ce') in 0.004865541 seconds [static and dynamic dependencies]. Details - ImportResultOutputID=cb40c14577db0b734c1a16a2eb067256 DependenciesID=553a989bb7bd92bc2dd0f8632ba054de StaticDependenciesID=d199893599af529a0e8c75551cfb37fb 
Number of updated asset objects reloaded before import = 0Number of asset objects unloaded after import = 2

========================================================================
Received Import Request.
  Time since last request: 0.000070 seconds.
  path: Assets/RoadArchitect/ManualImages/RoadObject5.png
  importAddress: Guid(2bde94559461f644db6689575c9bd11a) Importer(815301076,1909f56bfc062723c751e8b465ee728b)
Start importing Assets/RoadArchitect/ManualImages/RoadObject5.png using Guid(2bde94559461f644db6689575c9bd11a) Importer(815301076,1909f56bfc062723c751e8b465ee728b) (PreviewImporter) -> (Import Result ID: 'b1dae293e07804d53bb757975199a4df') in 0.004134583 seconds [static and dynamic dependencies]. Details - ImportResultOutputID=4fd3d1fcf024c3c1b46500a6ba26ff41 DependenciesID=787dc6a10ffd7e63987fb1deb4f6a2c9 StaticDependenciesID=6dab6509b0a938e6d24a3c6b109b85b4 
Number of updated asset objects reloaded before import = 0Number of asset objects unloaded after import = 2

========================================================================
Received Import Request.
  Time since last request: 0.000095 seconds.
  path: Assets/RoadArchitect/Textures/FedSigns/988/LeftDiffuse.png
  importAddress: Guid(3a1c822565198d140b918588a23e62e9) Importer(815301076,1909f56bfc062723c751e8b465ee728b)
Start importing Assets/RoadArchitect/Textures/FedSigns/988/LeftDiffuse.png using Guid(3a1c822565198d140b918588a23e62e9) Importer(815301076,1909f56bfc062723c751e8b465ee728b) (PreviewImporter) -> (Import Result ID: 'fb7b7e82aa9d550f78ead8156c28a553') in 0.004592666 seconds [static and dynamic dependencies]. Details - ImportResultOutputID=03ce6c43f561abbecbb8590bd402dc47 DependenciesID=8e4d2173669c5a4730f2d2e776309e1e StaticDependenciesID=0ca1a2ca7b584cf082fb2a63322dd347 
Number of updated asset objects reloaded before import = 0Number of asset objects unloaded after import = 2

========================================================================
Received Import Request.
  Time since last request: 0.000067 seconds.
  path: Assets/RoadArchitect/Textures/Signs/SignRightTurnOnlyDiffuse.png
  importAddress: Guid(a9744961ed0775c47a8832e6d287813f) Importer(815301076,1909f56bfc062723c751e8b465ee728b)
Start importing Assets/RoadArchitect/Textures/Signs/SignRightTurnOnlyDiffuse.png using Guid(a9744961ed0775c47a8832e6d287813f) Importer(815301076,1909f56bfc062723c751e8b465ee728b) (PreviewImporter) -> (Import Result ID: '367c7ced1314fa4b47b3d091b8a56c95') in 0.00501875 seconds [static and dynamic dependencies]. Details - ImportResultOutputID=f1e0d8622c723f07af4ae564396a521e DependenciesID=0baf7c66d322028dec22b64faca301ae StaticDependenciesID=48e2f8984e7dddf57fe6513a96945253 
Number of updated asset objects reloaded before import = 0Number of asset objects unloaded after import = 2

========================================================================
Received Import Request.
  Time since last request: 0.000067 seconds.
  path: Assets/RoadArchitect/Textures/Railing7Normal.png
  importAddress: Guid(d6ed9b4ed52b7524f823343b90ef7446) Importer(815301076,1909f56bfc062723c751e8b465ee728b)
Start importing Assets/RoadArchitect/Textures/Railing7Normal.png using Guid(d6ed9b4ed52b7524f823343b90ef7446) Importer(815301076,1909f56bfc062723c751e8b465ee728b) (PreviewImporter) -> (Import Result ID: '911e28cd8a00a6b1701a014464c75b1b') in 0.004665166 seconds [static and dynamic dependencies]. Details - ImportResultOutputID=3a5928a6ab3fffcd4bb252390867401c DependenciesID=61b083e7346f1d30ec51c3b95b19bd83 StaticDependenciesID=0ca0099b59e20222886ed3ef1187a182 
Number of updated asset objects reloaded before import = 0Number of asset objects unloaded after import = 2

========================================================================
Received Import Request.
  Time since last request: 0.000049 seconds.
  path: Assets/RoadArchitect/ManualImages/RoadObject1.png
  importAddress: Guid(ae7eea11800e47d4cbaad11533e737a9) Importer(815301076,1909f56bfc062723c751e8b465ee728b)
Start importing Assets/RoadArchitect/ManualImages/RoadObject1.png using Guid(ae7eea11800e47d4cbaad11533e737a9) Importer(815301076,1909f56bfc062723c751e8b465ee728b) (PreviewImporter) -> (Import Result ID: 'da074ece4396058ad88f11cffb24c7b9') in 0.006282041 seconds [static and dynamic dependencies]. Details - ImportResultOutputID=3b19c158f68de29e17a0c6e1898b0062 DependenciesID=0af5d4070a60475edcad6dc1dd56b5af StaticDependenciesID=b8f3ec40686734f7b7e6225c41ecd539 
Number of updated asset objects reloaded before import = 0Number of asset objects unloaded after import = 2

========================================================================
Received Import Request.
  Time since last request: 0.000060 seconds.
  path: Assets/RoadArchitect/Textures/FedSigns/396/StateSpeedLimit55Diffuse.png
  importAddress: Guid(fb3f7e11a97585945b142bf69b82338e) Importer(815301076,1909f56bfc062723c751e8b465ee728b)
Start importing Assets/RoadArchitect/Textures/FedSigns/396/StateSpeedLimit55Diffuse.png using Guid(fb3f7e11a97585945b142bf69b82338e) Importer(815301076,1909f56bfc062723c751e8b465ee728b) (PreviewImporter) -> (Import Result ID: '131c972c102bcd6bdda2ccab16c25c67') in 0.004862083 seconds [static and dynamic dependencies]. Details - ImportResultOutputID=483ba9411f6f5a97b973b761b938edfa DependenciesID=035c499329f90584012f77f84b6f6152 StaticDependenciesID=a9f858cb8a327c503a1a857e0519d563 
Number of updated asset objects reloaded before import = 0Number of asset objects unloaded after import = 2

========================================================================
Received Import Request.
  Time since last request: 0.000101 seconds.
  path: Assets/RoadArchitect/Textures/Signs/TrafficConeDiffuse.png
  importAddress: Guid(0e510f600018d4340b4be613ac7ff0d8) Importer(815301076,1909f56bfc062723c751e8b465ee728b)
Start importing Assets/RoadArchitect/Textures/Signs/TrafficConeDiffuse.png using Guid(0e510f600018d4340b4be613ac7ff0d8) Importer(815301076,1909f56bfc062723c751e8b465ee728b) (PreviewImporter) -> (Import Result ID: 'd14218dddfaa9b4c76f2090f6eb03874') in 0.004551667 seconds [static and dynamic dependencies]. Details - ImportResultOutputID=2e0c28ad6128d0baf6d3a7b6772afdf7 DependenciesID=6a5f83fe470798a90a231f272686e243 StaticDependenciesID=2bcad641d27784e125ab5f8c59d9a395 
Number of updated asset objects reloaded before import = 0Number of asset objects unloaded after import = 2

========================================================================
Received Import Request.
  Time since last request: 0.000050 seconds.
  path: Assets/RoadArchitect/Textures/FedSigns/Diamond/General/YellowDeadEndDiffuse.png
  importAddress: Guid(810953d7c1608c04088d194d106dee08) Importer(815301076,1909f56bfc062723c751e8b465ee728b)
Start importing Assets/RoadArchitect/Textures/FedSigns/Diamond/General/YellowDeadEndDiffuse.png using Guid(810953d7c1608c04088d194d106dee08) Importer(815301076,1909f56bfc062723c751e8b465ee728b) (PreviewImporter) -> (Import Result ID: '427051b8e281a8f76bf882c2eb1d61fd') in 0.003733959 seconds [static and dynamic dependencies]. Details - ImportResultOutputID=22258ed006832bc1cce4335e71116b01 DependenciesID=324c5dcb359b929353a6399f329b5e00 StaticDependenciesID=dfd786119be15d8729235b39aebd2b56 
Number of updated asset objects reloaded before import = 0Number of asset objects unloaded after import = 2

========================================================================
Received Import Request.
  Time since last request: 0.000099 seconds.
  path: Assets/RoadArchitect/Textures/FedSigns/396/WalkOnLeftFacingTrafficDiffuse.png
  importAddress: Guid(d9d5e44c0dfdfff428dee93ee64840d1) Importer(815301076,1909f56bfc062723c751e8b465ee728b)
Start importing Assets/RoadArchitect/Textures/FedSigns/396/WalkOnLeftFacingTrafficDiffuse.png using Guid(d9d5e44c0dfdfff428dee93ee64840d1) Importer(815301076,1909f56bfc062723c751e8b465ee728b) (PreviewImporter) -> (Import Result ID: 'e629eb1b1f420b6f58e8581237f5689f') in 0.005562541 seconds [static and dynamic dependencies]. Details - ImportResultOutputID=35e50b8738c7124f3fb2794550506619 DependenciesID=9d4e6610dc38fba55200eabcfe29d168 StaticDependenciesID=90150c5a5fc4f749687f3e690ec02bd2 
Number of updated asset objects reloaded before import = 0Number of asset objects unloaded after import = 2

========================================================================
Received Import Request.
  Time since last request: 0.000094 seconds.
  path: Assets/RoadArchitect/Textures/Markers/InterYellowLWhiteR-4L_Diffuse.png
  importAddress: Guid(31dbc4dbb762b774b8243a7a3099c479) Importer(815301076,1909f56bfc062723c751e8b465ee728b)
Start importing Assets/RoadArchitect/Textures/Markers/InterYellowLWhiteR-4L_Diffuse.png using Guid(31dbc4dbb762b774b8243a7a3099c479) Importer(815301076,1909f56bfc062723c751e8b465ee728b) (PreviewImporter) -> (Import Result ID: '701a067ca5b9d733a0bfed21dd576c36') in 0.004632416 seconds [static and dynamic dependencies]. Details - ImportResultOutputID=5971e35dec9d365177621632e627708a DependenciesID=1863bdb5c72d44aea591346fceef1e39 StaticDependenciesID=6fbe46697308f3f2b2ab032e38ad2db3 
Number of updated asset objects reloaded before import = 0Number of asset objects unloaded after import = 2

========================================================================
Received Import Request.
  Time since last request: 0.000065 seconds.
  path: Assets/RoadArchitect/Textures/FedSigns/Square/NoTrucksInLeftLaneDiffuse.png
  importAddress: Guid(8338be714ca3004499cee71114d04b3d) Importer(815301076,1909f56bfc062723c751e8b465ee728b)
Start importing Assets/RoadArchitect/Textures/FedSigns/Square/NoTrucksInLeftLaneDiffuse.png using Guid(8338be714ca3004499cee71114d04b3d) Importer(815301076,1909f56bfc062723c751e8b465ee728b) (PreviewImporter) -> (Import Result ID: '5d1743c5aea838e0330c89806e56ee4f') in 0.005033042 seconds [static and dynamic dependencies]. Details - ImportResultOutputID=1e649b62a3fb24e5557a1c88902ed22d DependenciesID=4361e65ec04175c7f6cb9fb9a4a6f8c4 StaticDependenciesID=17ece550facccbd32f7840076fe0fa73 
Number of updated asset objects reloaded before import = 0Number of asset objects unloaded after import = 2

========================================================================
Received Import Request.
  Time since last request: 0.000038 seconds.
  path: Assets/RoadArchitect/ManualImages/QuickStartBridge3a.png
  importAddress: Guid(a87a3ccf39c39434fa60f69a7c59c43d) Importer(815301076,1909f56bfc062723c751e8b465ee728b)
Start importing Assets/RoadArchitect/ManualImages/QuickStartBridge3a.png using Guid(a87a3ccf39c39434fa60f69a7c59c43d) Importer(815301076,1909f56bfc062723c751e8b465ee728b) (PreviewImporter) -> (Import Result ID: '116258f5f88bb0aecb74cd922a3e6230') in 0.003278542 seconds [static and dynamic dependencies]. Details - ImportResultOutputID=fd948bb1b3a93db2dfe2c5fe768e5d88 DependenciesID=e15c9e5f6afa50b2aff8f59a083f813b StaticDependenciesID=f92a790ea4d4911a76ec7902953d8d46 
Number of updated asset objects reloaded before import = 0Number of asset objects unloaded after import = 2

========================================================================
Received Import Request.
  Time since last request: 0.000161 seconds.
  path: Assets/RoadArchitect/Textures/Signs/TrafficConeNormal.png
  importAddress: Guid(82354b743a0f00f4490ea613a00a2dba) Importer(815301076,1909f56bfc062723c751e8b465ee728b)
Start importing Assets/RoadArchitect/Textures/Signs/TrafficConeNormal.png using Guid(82354b743a0f00f4490ea613a00a2dba) Importer(815301076,1909f56bfc062723c751e8b465ee728b) (PreviewImporter) -> (Import Result ID: '162fddeed672b616bfae65bbd30fb818') in 0.006777458 seconds [static and dynamic dependencies]. Details - ImportResultOutputID=2f9fe321ca9c65e417586cf331f02fe7 DependenciesID=5282a2c7906213f393ddd76218a7faf7 StaticDependenciesID=4348131ec6835db2d3ecd99417fdbdb6 
Number of updated asset objects reloaded before import = 0Number of asset objects unloaded after import = 2

========================================================================
Received Import Request.
  Time since last request: 0.000060 seconds.
  path: Assets/RoadArchitect/Textures/Steel1Normal.png
  importAddress: Guid(2e7347688c8c7404cb674632d8d8a94e) Importer(815301076,1909f56bfc062723c751e8b465ee728b)
Start importing Assets/RoadArchitect/Textures/Steel1Normal.png using Guid(2e7347688c8c7404cb674632d8d8a94e) Importer(815301076,1909f56bfc062723c751e8b465ee728b) (PreviewImporter) -> (Import Result ID: 'e2ab632a6e6bfa69687bc518ca216cb1') in 0.007794541 seconds [static and dynamic dependencies]. Details - ImportResultOutputID=85a3c12bb14595637194616d6ff62f75 DependenciesID=997e5ffa66ae42898a45c7af54e98a06 StaticDependenciesID=60d62f30bf72440a3b4107c53d592c44 
Number of updated asset objects reloaded before import = 0Number of asset objects unloaded after import = 2

========================================================================
Received Import Request.
  Time since last request: 0.000059 seconds.
  path: Assets/RoadArchitect/Textures/FedSigns/330/MinSpeed60kmhDiffuse.png
  importAddress: Guid(2ca667599322bdc41afee368b1c763af) Importer(815301076,1909f56bfc062723c751e8b465ee728b)
Start importing Assets/RoadArchitect/Textures/FedSigns/330/MinSpeed60kmhDiffuse.png using Guid(2ca667599322bdc41afee368b1c763af) Importer(815301076,1909f56bfc062723c751e8b465ee728b) (PreviewImporter) -> (Import Result ID: 'bd5a4eb5eb1ce035cf95525a27b0ef3a') in 0.004514584 seconds [static and dynamic dependencies]. Details - ImportResultOutputID=418213f8cec072199b27518a3cfbff41 DependenciesID=e67e0f39f93aae0f273148e587517f43 StaticDependenciesID=7dac691f65a76feb415496a51991224b 
Number of updated asset objects reloaded before import = 0Number of asset objects unloaded after import = 2

========================================================================
Received Import Request.
  Time since last request: 0.000030 seconds.
  path: Assets/RoadArchitect/Textures/FedSigns/Diamond/Construction/OrangeRoadMovement2Diffuse.png
  importAddress: Guid(c0280774c95d1aa4fb780bef66013a36) Importer(815301076,1909f56bfc062723c751e8b465ee728b)
Start importing Assets/RoadArchitect/Textures/FedSigns/Diamond/Construction/OrangeRoadMovement2Diffuse.png using Guid(c0280774c95d1aa4fb780bef66013a36) Importer(815301076,1909f56bfc062723c751e8b465ee728b) (PreviewImporter) -> (Import Result ID: '86d883bbd5fdc1f103f110de5407903e') in 0.005407167 seconds [static and dynamic dependencies]. Details - ImportResultOutputID=c6ce72910c427950a9aa3c96aceb17d4 DependenciesID=5694435e1d705882fe74fbf065f03d91 StaticDependenciesID=695163b32d2c06c6e2bb0d92006d5f79 
Number of updated asset objects reloaded before import = 0Number of asset objects unloaded after import = 2

========================================================================
Received Import Request.
  Time since last request: 0.000035 seconds.
  path: Assets/RoadArchitect/Textures/RumbleDiffuse.png
  importAddress: Guid(a176fe4535f7f5a4a8cdb74a936c4284) Importer(815301076,1909f56bfc062723c751e8b465ee728b)
Start importing Assets/RoadArchitect/Textures/RumbleDiffuse.png using Guid(a176fe4535f7f5a4a8cdb74a936c4284) Importer(815301076,1909f56bfc062723c751e8b465ee728b) (PreviewImporter) -> (Import Result ID: 'cdc6bf7cbe59046cf5517fbcf7786b46') in 0.004437208 seconds [static and dynamic dependencies]. Details - ImportResultOutputID=e9e22640ce8b7360edd6c1a5248b47f6 DependenciesID=db6b137a79e4fb988367b4d9688e0075 StaticDependenciesID=cad6a0d68366b0a82f30daba6c254b52 
Number of updated asset objects reloaded before import = 0Number of asset objects unloaded after import = 2

========================================================================
Received Import Request.
  Time since last request: 0.000049 seconds.
  path: Assets/RoadArchitect/ManualImages/Node-SMM4.png
  importAddress: Guid(78b7828639eb7fa43944bae310fa85d6) Importer(815301076,1909f56bfc062723c751e8b465ee728b)
Start importing Assets/RoadArchitect/ManualImages/Node-SMM4.png using Guid(78b7828639eb7fa43944bae310fa85d6) Importer(815301076,1909f56bfc062723c751e8b465ee728b) (PreviewImporter) -> (Import Result ID: '7cbbac62ed23249584622e4c98d19372') in 0.005108 seconds [static and dynamic dependencies]. Details - ImportResultOutputID=a0f91a0a7c79917afa442dfed2a9df02 DependenciesID=eea1401fee8cd41acd81825c59c4b536 StaticDependenciesID=6014faf248c5d4e8819803a9225dde8d 
Number of updated asset objects reloaded before import = 0Number of asset objects unloaded after import = 2

========================================================================
Received Import Request.
  Time since last request: 0.000072 seconds.
  path: Assets/RoadArchitect/Textures/FedSigns/Square/NoTurnsDiffuse.png
  importAddress: Guid(67312e45da1174d4a95280e4d0d6e321) Importer(815301076,1909f56bfc062723c751e8b465ee728b)
Start importing Assets/RoadArchitect/Textures/FedSigns/Square/NoTurnsDiffuse.png using Guid(67312e45da1174d4a95280e4d0d6e321) Importer(815301076,1909f56bfc062723c751e8b465ee728b) (PreviewImporter) -> (Import Result ID: '838b41c084f3229808739631b52cd14f') in 0.005288166 seconds [static and dynamic dependencies]. Details - ImportResultOutputID=f1c98bcbf853444c63d8ada2e87209f0 DependenciesID=31fd5d6dd26de3eb241ea30e5b4b5dd2 StaticDependenciesID=b4f144b90a5432fd1230af4f3013303f 
Number of updated asset objects reloaded before import = 0Number of asset objects unloaded after import = 2

========================================================================
Received Import Request.
  Time since last request: 0.000082 seconds.
  path: Assets/RoadArchitect/Textures/FedSigns/861/TurnOnlyDiffuse.png
  importAddress: Guid(d15be337008ab37448c2daf80fa5314d) Importer(815301076,1909f56bfc062723c751e8b465ee728b)
Start importing Assets/RoadArchitect/Textures/FedSigns/861/TurnOnlyDiffuse.png using Guid(d15be337008ab37448c2daf80fa5314d) Importer(815301076,1909f56bfc062723c751e8b465ee728b) (PreviewImporter) -> (Import Result ID: '97d7e90e9f161909922b107de52753f9') in 0.00752575 seconds [static and dynamic dependencies]. Details - ImportResultOutputID=82280d04dd3784b7845aeeee6d5e56b1 DependenciesID=b3a8ef2b72748abd343fea39d90181ff StaticDependenciesID=709ca0ea621e7d43d5701ad779a5b0d7 
Number of updated asset objects reloaded before import = 0Number of asset objects unloaded after import = 2

========================================================================
Received Import Request.
  Time since last request: 0.000075 seconds.
  path: Assets/RoadArchitect/Textures/Railing4Normal.png
  importAddress: Guid(ec6d7f1dad5827845a4c90344081922c) Importer(815301076,1909f56bfc062723c751e8b465ee728b)
Start importing Assets/RoadArchitect/Textures/Railing4Normal.png using Guid(ec6d7f1dad5827845a4c90344081922c) Importer(815301076,1909f56bfc062723c751e8b465ee728b) (PreviewImporter) -> (Import Result ID: '648248e1fe854ce5ec601402c39dab20') in 0.004704833 seconds [static and dynamic dependencies]. Details - ImportResultOutputID=0f9228b2ae2aae90be3c1847e92a5832 DependenciesID=4b7238b85cb76cf020098158972add3c StaticDependenciesID=60451ad18172930df8d4117b55a0a0b4 
Number of updated asset objects reloaded before import = 0Number of asset objects unloaded after import = 2

========================================================================
Received Import Request.
  Time since last request: 0.000109 seconds.
  path: Assets/RoadArchitect/Textures/Markers/WhiteYellowSingle-4L_Diffuse.png
  importAddress: Guid(937f36688851dcf4f873944ba9c2eecb) Importer(815301076,1909f56bfc062723c751e8b465ee728b)
Start importing Assets/RoadArchitect/Textures/Markers/WhiteYellowSingle-4L_Diffuse.png using Guid(937f36688851dcf4f873944ba9c2eecb) Importer(815301076,1909f56bfc062723c751e8b465ee728b) (PreviewImporter) -> (Import Result ID: '537d73e375eac7e8dd103cd0a8f6e4f8') in 0.004813584 seconds [static and dynamic dependencies]. Details - ImportResultOutputID=604dd078e19858e86294273e455678f1 DependenciesID=f5b4443135a393cab870a5a36d752b1d StaticDependenciesID=c02ac9ed3b2689f833dcea492e5f17a8 
Number of updated asset objects reloaded before import = 0Number of asset objects unloaded after import = 2

========================================================================
Received Import Request.
  Time since last request: 0.000092 seconds.
  path: Assets/RoadArchitect/Textures/Railing8Normal.png
  importAddress: Guid(d177241177f292c498419a83496a4ea1) Importer(815301076,1909f56bfc062723c751e8b465ee728b)
Start importing Assets/RoadArchitect/Textures/Railing8Normal.png using Guid(d177241177f292c498419a83496a4ea1) Importer(815301076,1909f56bfc062723c751e8b465ee728b) (PreviewImporter) -> (Import Result ID: '85634a481e93b8b520a40b2546784866') in 0.00540325 seconds [static and dynamic dependencies]. Details - ImportResultOutputID=34f9bdfae278206fd3cc305e0e919735 DependenciesID=0f1d3499b1393717226804df6648fdf6 StaticDependenciesID=c35df81497c42589dee48a7b3fd193dc 
Number of updated asset objects reloaded before import = 0Number of asset objects unloaded after import = 2

========================================================================
Received Import Request.
  Time since last request: 0.000051 seconds.
  path: Assets/RoadArchitect/ManualImages/Extra/SS1-640.jpg
  importAddress: Guid(ae8c3f96d39980a4284eec99f284a35c) Importer(815301076,1909f56bfc062723c751e8b465ee728b)
Start importing Assets/RoadArchitect/ManualImages/Extra/SS1-640.jpg using Guid(ae8c3f96d39980a4284eec99f284a35c) Importer(815301076,1909f56bfc062723c751e8b465ee728b) (PreviewImporter) -> (Import Result ID: 'cfa57c1e9eb5167569830319dfc41832') in 0.004826959 seconds [static and dynamic dependencies]. Details - ImportResultOutputID=17f99876e113bd5e2aea66ea4efcaf1e DependenciesID=78f2fd98e2825a5ad9f8c57ce2e445cc StaticDependenciesID=b83ea0a7e6840c5debb1f7656da5e80d 
Number of updated asset objects reloaded before import = 0Number of asset objects unloaded after import = 2

========================================================================
Received Import Request.
  Time since last request: 0.000056 seconds.
  path: Assets/RoadArchitect/ManualImages/Node-EOM1-Single.png
  importAddress: Guid(457e9e89aa14bed47a79862ca3704e34) Importer(815301076,1909f56bfc062723c751e8b465ee728b)
Start importing Assets/RoadArchitect/ManualImages/Node-EOM1-Single.png using Guid(457e9e89aa14bed47a79862ca3704e34) Importer(815301076,1909f56bfc062723c751e8b465ee728b) (PreviewImporter) -> (Import Result ID: 'fcccf796f2f4fb16ea2899d36e2d76f3') in 0.004077583 seconds [static and dynamic dependencies]. Details - ImportResultOutputID=0db82ec5415713f15c2cdc3b6ddefb7e DependenciesID=d06d92fbeb08b655bdf635b0f39f81d9 StaticDependenciesID=afbc8d05fb32400b62bd2294ea73c29f 
Number of updated asset objects reloaded before import = 0Number of asset objects unloaded after import = 2

========================================================================
Received Import Request.
  Time since last request: 0.000098 seconds.
  path: Assets/RoadArchitect/Textures/Markers/TireMarks.png
  importAddress: Guid(fb96d4733feb31745847513ea81b4a3b) Importer(815301076,1909f56bfc062723c751e8b465ee728b)
Start importing Assets/RoadArchitect/Textures/Markers/TireMarks.png using Guid(fb96d4733feb31745847513ea81b4a3b) Importer(815301076,1909f56bfc062723c751e8b465ee728b) (PreviewImporter) -> (Import Result ID: '321841f40665ede74cfa02b84d0d5f93') in 0.003815625 seconds [static and dynamic dependencies]. Details - ImportResultOutputID=7d76eafc906092a5d44ebfdd4f2fcaf9 DependenciesID=1ca44703ea86d6cea31c84de7b750455 StaticDependenciesID=89cc751547512de5195256d5f63cbca8 
Number of updated asset objects reloaded before import = 0Number of asset objects unloaded after import = 2

========================================================================
Received Import Request.
  Time since last request: 0.000044 seconds.
  path: Assets/RoadArchitect/Editor/Icons/WarningLabelBG.png
  importAddress: Guid(5646cab7682d33d418c3ba9ecbf11e85) Importer(815301076,1909f56bfc062723c751e8b465ee728b)
Start importing Assets/RoadArchitect/Editor/Icons/WarningLabelBG.png using Guid(5646cab7682d33d418c3ba9ecbf11e85) Importer(815301076,1909f56bfc062723c751e8b465ee728b) (PreviewImporter) -> (Import Result ID: '4ca5303a58348715d507ce581559b415') in 0.008286375 seconds [static and dynamic dependencies]. Details - ImportResultOutputID=5877d51a6ee6ce993cdb182d0b019c7a DependenciesID=154d10c6f972f03366341fdd81eaa3db StaticDependenciesID=97eb1534535b9f27136b56820a8e6d14 
Number of updated asset objects reloaded before import = 0Number of asset objects unloaded after import = 2

========================================================================
Received Import Request.
  Time since last request: 0.000053 seconds.
  path: Assets/RoadArchitect/Textures/Signs/SignRightTurnOnlyNormal.png
  importAddress: Guid(381be82fb52471548859abe26f64d6e7) Importer(815301076,1909f56bfc062723c751e8b465ee728b)
Start importing Assets/RoadArchitect/Textures/Signs/SignRightTurnOnlyNormal.png using Guid(381be82fb52471548859abe26f64d6e7) Importer(815301076,1909f56bfc062723c751e8b465ee728b) (PreviewImporter) -> (Import Result ID: '064eaf2cdb42393ea754d1c330fbcd6e') in 0.004175042 seconds [static and dynamic dependencies]. Details - ImportResultOutputID=62111a636ed6926b32e45e1d51e424f0 DependenciesID=648577cdccfd61c7bda9b82f020ccf9b StaticDependenciesID=09ff36a39e01f61c8e4f639bb07dc03e 
Number of updated asset objects reloaded before import = 0Number of asset objects unloaded after import = 2

========================================================================
Received Import Request.
  Time since last request: 0.000055 seconds.
  path: Assets/RoadArchitect/Textures/FedSigns/Square/NoParkingDiffuse.png
  importAddress: Guid(cc7c7bf48b3d5444e87ef9e92ff85e41) Importer(815301076,1909f56bfc062723c751e8b465ee728b)
Start importing Assets/RoadArchitect/Textures/FedSigns/Square/NoParkingDiffuse.png using Guid(cc7c7bf48b3d5444e87ef9e92ff85e41) Importer(815301076,1909f56bfc062723c751e8b465ee728b) (PreviewImporter) -> (Import Result ID: '07fea2d57270dec5a787833481823194') in 0.004276625 seconds [static and dynamic dependencies]. Details - ImportResultOutputID=0902b347e6f2822da09f9078ca5c07db DependenciesID=32eeb0636ec7d9cd8d588f11d37acb72 StaticDependenciesID=3d347bb6a27457609ca6037ad58cb7be 
Number of updated asset objects reloaded before import = 0Number of asset objects unloaded after import = 2

========================================================================
Received Import Request.
  Time since last request: 0.000039 seconds.
  path: Assets/RoadArchitect/ManualImages/Extra/newscreenshot1.PNG
  importAddress: Guid(81a5cd8dd9c85b74a98d98091622ec71) Importer(815301076,1909f56bfc062723c751e8b465ee728b)
Start importing Assets/RoadArchitect/ManualImages/Extra/newscreenshot1.PNG using Guid(81a5cd8dd9c85b74a98d98091622ec71) Importer(815301076,1909f56bfc062723c751e8b465ee728b) (PreviewImporter) -> (Import Result ID: 'd6430e138ca367761179ecf1a149f05e') in 0.004962792 seconds [static and dynamic dependencies]. Details - ImportResultOutputID=e73d38c529a6a8fccee62d0b3ee27357 DependenciesID=325162a7dbcf6b7befaf0792dc7e02a0 StaticDependenciesID=1a6b17aa61b277381cd43b26e80bf1b6 
Number of updated asset objects reloaded before import = 0Number of asset objects unloaded after import = 2

========================================================================
Received Import Request.
  Time since last request: 0.000074 seconds.
  path: Assets/RoadArchitect/Textures/RoadBarrelDiffuse.png
  importAddress: Guid(af6260081d90f144f9ce9dcbcd092bb6) Importer(815301076,1909f56bfc062723c751e8b465ee728b)
Start importing Assets/RoadArchitect/Textures/RoadBarrelDiffuse.png using Guid(af6260081d90f144f9ce9dcbcd092bb6) Importer(815301076,1909f56bfc062723c751e8b465ee728b) (PreviewImporter) -> (Import Result ID: '8a2bb16558c970350dbcdebc36a04514') in 0.0045355 seconds [static and dynamic dependencies]. Details - ImportResultOutputID=f73c62ca00057ca3f28db25018b15142 DependenciesID=7a2fe5bf28182f2c90ce07531d518091 StaticDependenciesID=d8c8c570e00728b9085202999575b49a 
Number of updated asset objects reloaded before import = 0Number of asset objects unloaded after import = 2

========================================================================
Received Import Request.
  Time since last request: 0.000038 seconds.
  path: Assets/RoadArchitect/ManualImages/Node1.png
  importAddress: Guid(256d97289fb09424781e01ff5a13413a) Importer(815301076,1909f56bfc062723c751e8b465ee728b)
Start importing Assets/RoadArchitect/ManualImages/Node1.png using Guid(256d97289fb09424781e01ff5a13413a) Importer(815301076,1909f56bfc062723c751e8b465ee728b) (PreviewImporter) -> (Import Result ID: 'd476f08730c8b9a3b93365baf78776f4') in 0.004037 seconds [static and dynamic dependencies]. Details - ImportResultOutputID=7b41efa747df64148911a6da1eb11043 DependenciesID=e2f3a7c72986ec8b58aaf8aff6176675 StaticDependenciesID=4881a78fd1ffc48e2b495b4e019b2e91 
Number of updated asset objects reloaded before import = 0Number of asset objects unloaded after import = 2

========================================================================
Received Import Request.
  Time since last request: 0.000061 seconds.
  path: Assets/RoadArchitect/Textures/FedSigns/Diamond/Construction/OrangeRoadWorkManDiffuse.png
  importAddress: Guid(67670fd291be4fe4fb58808e5aaaddd2) Importer(815301076,1909f56bfc062723c751e8b465ee728b)
Start importing Assets/RoadArchitect/Textures/FedSigns/Diamond/Construction/OrangeRoadWorkManDiffuse.png using Guid(67670fd291be4fe4fb58808e5aaaddd2) Importer(815301076,1909f56bfc062723c751e8b465ee728b) (PreviewImporter) -> (Import Result ID: '710bb342b76a78ecfc3258b766700382') in 0.004439292 seconds [static and dynamic dependencies]. Details - ImportResultOutputID=d011fbf172d7e294fa755031fa8e35a7 DependenciesID=5a1499951ec523f0708a28ea54a3d2ce StaticDependenciesID=88a0d4f05392adf6d71a4b2053101758 
Number of updated asset objects reloaded before import = 0Number of asset objects unloaded after import = 2

========================================================================
Received Import Request.
  Time since last request: 0.000049 seconds.
  path: Assets/RoadArchitect/Textures/Steel7Normal.png
  importAddress: Guid(53787ab0befdfb545a139ba62b4c2248) Importer(815301076,1909f56bfc062723c751e8b465ee728b)
Start importing Assets/RoadArchitect/Textures/Steel7Normal.png using Guid(53787ab0befdfb545a139ba62b4c2248) Importer(815301076,1909f56bfc062723c751e8b465ee728b) (PreviewImporter) -> (Import Result ID: 'ee67669c2ff06ce6cd296ad091a5c8b3') in 0.005051041 seconds [static and dynamic dependencies]. Details - ImportResultOutputID=9b4eae2d2135999a9c4ebbd8d8cb22e1 DependenciesID=06c071b64f2fe2ec06de449339a62091 StaticDependenciesID=bf42b86b32bb5c708a5519f22f053be1 
Number of updated asset objects reloaded before import = 0Number of asset objects unloaded after import = 2

========================================================================
Received Import Request.
  Time since last request: 0.000058 seconds.
  path: Assets/RoadArchitect/Textures/Road1Normal.png
  importAddress: Guid(72077a6207982e24bbeb90ce49ba6bab) Importer(815301076,1909f56bfc062723c751e8b465ee728b)
Start importing Assets/RoadArchitect/Textures/Road1Normal.png using Guid(72077a6207982e24bbeb90ce49ba6bab) Importer(815301076,1909f56bfc062723c751e8b465ee728b) (PreviewImporter) -> (Import Result ID: '1ccb4116b1c4ee37047f69b00fb0b031') in 0.006238709 seconds [static and dynamic dependencies]. Details - ImportResultOutputID=e97dc58448e3f4b58b90e04dffcf10af DependenciesID=c3b0adb622a176b7fab8f70d36bf8998 StaticDependenciesID=db871da8f5e72d1ded250b96971d703d 
Number of updated asset objects reloaded before import = 0Number of asset objects unloaded after import = 2

========================================================================
Received Import Request.
  Time since last request: 0.000052 seconds.
  path: Assets/RoadArchitect/ManualImages/Node-SMM6.png
  importAddress: Guid(b808169ac571cd644a6da7fecb5a7df2) Importer(815301076,1909f56bfc062723c751e8b465ee728b)
Start importing Assets/RoadArchitect/ManualImages/Node-SMM6.png using Guid(b808169ac571cd644a6da7fecb5a7df2) Importer(815301076,1909f56bfc062723c751e8b465ee728b) (PreviewImporter) -> (Import Result ID: '73ef7278882b9e9f66814268a8915a9a') in 0.003640708 seconds [static and dynamic dependencies]. Details - ImportResultOutputID=40de00a0540eb7230825b1cfbf1e1cbc DependenciesID=bf2d634419c001f3d72a095c0c4a140b StaticDependenciesID=c61651d72e7c99b192860309ed0d2724 
Number of updated asset objects reloaded before import = 0Number of asset objects unloaded after import = 2

========================================================================
Received Import Request.
  Time since last request: 0.000048 seconds.
  path: Assets/RoadArchitect/Textures/FedSigns/Diamond/General/YellowBikeUseFullLane2Diffuse.png
  importAddress: Guid(fc963511f51e2624ba32bb05aa48ca85) Importer(815301076,1909f56bfc062723c751e8b465ee728b)
Start importing Assets/RoadArchitect/Textures/FedSigns/Diamond/General/YellowBikeUseFullLane2Diffuse.png using Guid(fc963511f51e2624ba32bb05aa48ca85) Importer(815301076,1909f56bfc062723c751e8b465ee728b) (PreviewImporter) -> (Import Result ID: 'acb01a7498a9db33c6104f56e841dfae') in 0.005702625 seconds [static and dynamic dependencies]. Details - ImportResultOutputID=90f6fba6780af56944443b113f5b19bf DependenciesID=293defe6bc471787b6fe82a4bfead5ea StaticDependenciesID=10a753f14045826eda4f052d0077b72d 
Number of updated asset objects reloaded before import = 0Number of asset objects unloaded after import = 2

========================================================================
Received Import Request.
  Time since last request: 0.000062 seconds.
  path: Assets/RoadArchitect/Textures/Signs/WarningSign2Diffuse.png
  importAddress: Guid(b6d943115fefc894cbd163b95aa74952) Importer(815301076,1909f56bfc062723c751e8b465ee728b)
Start importing Assets/RoadArchitect/Textures/Signs/WarningSign2Diffuse.png using Guid(b6d943115fefc894cbd163b95aa74952) Importer(815301076,1909f56bfc062723c751e8b465ee728b) (PreviewImporter) -> (Import Result ID: 'c996ebd2296aa866772e0631df820558') in 0.006301583 seconds [static and dynamic dependencies]. Details - ImportResultOutputID=f2316d36f64e354844e4778f3b29e9be DependenciesID=31ac5dfa8bf17dfb8db112fad3670e7f StaticDependenciesID=b75eb1ae8cbbd544e46c51c042476e59 
Number of updated asset objects reloaded before import = 0Number of asset objects unloaded after import = 2

========================================================================
Received Import Request.
  Time since last request: 0.000045 seconds.
  path: Assets/RoadArchitect/Textures/FedSigns/617/TruckRouteDiffuse.png
  importAddress: Guid(a01aa1c2e9973804999d717992a85806) Importer(815301076,1909f56bfc062723c751e8b465ee728b)
Start importing Assets/RoadArchitect/Textures/FedSigns/617/TruckRouteDiffuse.png using Guid(a01aa1c2e9973804999d717992a85806) Importer(815301076,1909f56bfc062723c751e8b465ee728b) (PreviewImporter) -> (Import Result ID: '0f992e692b08d2e216a2034be434da78') in 0.004749667 seconds [static and dynamic dependencies]. Details - ImportResultOutputID=0de0eefccb404f8c6b35133e47d67b1c DependenciesID=978a9fcd61594dccd9b2c976d5d50486 StaticDependenciesID=46c216c63343147a7b91e21a3212ae7b 
Number of updated asset objects reloaded before import = 0Number of asset objects unloaded after import = 2

========================================================================
Received Import Request.
  Time since last request: 0.000098 seconds.
  path: Assets/RoadArchitect/ManualImages/QuickStartBridge2b.png
  importAddress: Guid(0cb79c070db147542b49769778b714b1) Importer(815301076,1909f56bfc062723c751e8b465ee728b)
Start importing Assets/RoadArchitect/ManualImages/QuickStartBridge2b.png using Guid(0cb79c070db147542b49769778b714b1) Importer(815301076,1909f56bfc062723c751e8b465ee728b) (PreviewImporter) -> (Import Result ID: '65d124ca51e466bec8d0cd7b094bb0f9') in 0.003738 seconds [static and dynamic dependencies]. Details - ImportResultOutputID=326f1214da0ad69e69d07b932464a948 DependenciesID=cf2adb525cbdc3939a537118d8f22a5c StaticDependenciesID=e9dc8bd8b6c6260d50742ad05da0b29b 
Number of updated asset objects reloaded before import = 0Number of asset objects unloaded after import = 2

========================================================================
Received Import Request.
  Time since last request: 0.000060 seconds.
  path: Assets/RoadArchitect/Textures/Signs/TrafficLightMainNormal.png
  importAddress: Guid(bd90708b43c806247966d5bc32e27b30) Importer(815301076,1909f56bfc062723c751e8b465ee728b)
Start importing Assets/RoadArchitect/Textures/Signs/TrafficLightMainNormal.png using Guid(bd90708b43c806247966d5bc32e27b30) Importer(815301076,1909f56bfc062723c751e8b465ee728b) (PreviewImporter) -> (Import Result ID: '578f2d25c0e849d7c5f1c08fd7ac0e0d') in 0.005963166 seconds [static and dynamic dependencies]. Details - ImportResultOutputID=4565a8b35470d092e68eaf3bca8a60f7 DependenciesID=7909c3cf370145bd083e6a08745827e1 StaticDependenciesID=f3458a1a89053cf3959c1e4db3d14cf3 
Number of updated asset objects reloaded before import = 0Number of asset objects unloaded after import = 2

========================================================================
Received Import Request.
  Time since last request: 0.000096 seconds.
  path: Assets/RoadArchitect/Textures/Markers/RoadConn-YellowSingle-4L.png
  importAddress: Guid(63627f68c06ab0c46a3fd16f8ff09cf4) Importer(815301076,1909f56bfc062723c751e8b465ee728b)
Start importing Assets/RoadArchitect/Textures/Markers/RoadConn-YellowSingle-4L.png using Guid(63627f68c06ab0c46a3fd16f8ff09cf4) Importer(815301076,1909f56bfc062723c751e8b465ee728b) (PreviewImporter) -> (Import Result ID: 'cdb3fcc8d358a904ede381e5a46b249f') in 0.004148708 seconds [static and dynamic dependencies]. Details - ImportResultOutputID=41c213de50cf4873e2394af756ab57c4 DependenciesID=7d6702b585c6b3c3233499e87f6aa82a StaticDependenciesID=7f1f0102528c82fea910d973985f5dd8 
Number of updated asset objects reloaded before import = 0Number of asset objects unloaded after import = 2

========================================================================
Received Import Request.
  Time since last request: 0.000060 seconds.
  path: Assets/RoadArchitect/Textures/FedSigns/Square/NoTurnRightDiffuse.png
  importAddress: Guid(c8167d4ef9609424f9264c63765b3954) Importer(815301076,1909f56bfc062723c751e8b465ee728b)
Start importing Assets/RoadArchitect/Textures/FedSigns/Square/NoTurnRightDiffuse.png using Guid(c8167d4ef9609424f9264c63765b3954) Importer(815301076,1909f56bfc062723c751e8b465ee728b) (PreviewImporter) -> (Import Result ID: '1f116d4825babf904146e7c43c4605cd') in 0.003563625 seconds [static and dynamic dependencies]. Details - ImportResultOutputID=0b9cc53d18d6714ceef4140acf982fce DependenciesID=9dce11ac545730a66c093e58d375d3fb StaticDependenciesID=adec89929277f176de97f0dadad9f5a1 
Number of updated asset objects reloaded before import = 0Number of asset objects unloaded after import = 2

========================================================================
Received Import Request.
  Time since last request: 0.000070 seconds.
  path: Assets/EasyRoads3D/textures/roads/road2Lane_A.tga
  importAddress: Guid(8ac8c5ecc0022ee42aa79d9031e5b7ec) Importer(815301076,1909f56bfc062723c751e8b465ee728b)
Start importing Assets/EasyRoads3D/textures/roads/road2Lane_A.tga using Guid(8ac8c5ecc0022ee42aa79d9031e5b7ec) Importer(815301076,1909f56bfc062723c751e8b465ee728b) (PreviewImporter) -> (Import Result ID: '444f74dfd676bff7d9a917fc1fe01a9f') in 0.003893958 seconds [static and dynamic dependencies]. Details - ImportResultOutputID=2d32f457a2c4882e59175f998e574fa4 DependenciesID=4c5039cf8882fbd093ed597ec3df3a2e StaticDependenciesID=e6aaa01b0c25eabf432e8cce9aa77b89 
Number of updated asset objects reloaded before import = 0Number of asset objects unloaded after import = 2

========================================================================
Received Import Request.
  Time since last request: 0.000046 seconds.
  path: Assets/RoadArchitect/ManualImages/RoadObject6.png
  importAddress: Guid(7d41f0522a3a87f44a4a707280c077e4) Importer(815301076,1909f56bfc062723c751e8b465ee728b)
Start importing Assets/RoadArchitect/ManualImages/RoadObject6.png using Guid(7d41f0522a3a87f44a4a707280c077e4) Importer(815301076,1909f56bfc062723c751e8b465ee728b) (PreviewImporter) -> (Import Result ID: 'cdbe82e4b35dffd42d311ffce53cfb70') in 0.003057625 seconds [static and dynamic dependencies]. Details - ImportResultOutputID=ff7dd6a2f2021803f6a1e097bfcd719b DependenciesID=8dbd56071ee0f8c0eadd78afbbcc38f9 StaticDependenciesID=92808822d6740b592dafa8bd035bdf31 
Number of updated asset objects reloaded before import = 0Number of asset objects unloaded after import = 2

========================================================================
Received Import Request.
  Time since last request: 0.000058 seconds.
  path: Assets/RoadArchitect/Textures/FedSigns/Diamond/Children/YellowAutisticChildDiffuse.png
  importAddress: Guid(cc1e2313b01823644876d055f907a409) Importer(815301076,1909f56bfc062723c751e8b465ee728b)
Start importing Assets/RoadArchitect/Textures/FedSigns/Diamond/Children/YellowAutisticChildDiffuse.png using Guid(cc1e2313b01823644876d055f907a409) Importer(815301076,1909f56bfc062723c751e8b465ee728b) (PreviewImporter) -> (Import Result ID: '59da26e18dca38f1bc460512a097b6b6') in 0.003430291 seconds [static and dynamic dependencies]. Details - ImportResultOutputID=2dd97a7141b958718f57f994ab3975ea DependenciesID=5d6fd08581e6f1852ce8b548288a48e9 StaticDependenciesID=82cd5c7c10ee91e805597a988693dc89 
Number of updated asset objects reloaded before import = 0Number of asset objects unloaded after import = 2

========================================================================
Received Import Request.
  Time since last request: 0.000052 seconds.
  path: Assets/RoadArchitect/ManualImages/Node-SMM2.png
  importAddress: Guid(60a4ac3c207753a4da285d19cd64528e) Importer(815301076,1909f56bfc062723c751e8b465ee728b)
Start importing Assets/RoadArchitect/ManualImages/Node-SMM2.png using Guid(60a4ac3c207753a4da285d19cd64528e) Importer(815301076,1909f56bfc062723c751e8b465ee728b) (PreviewImporter) -> (Import Result ID: '86bde3a846084f77d6280ad964cea23d') in 0.002755667 seconds [static and dynamic dependencies]. Details - ImportResultOutputID=8f555d0d9e52992587485a66ce6dfe40 DependenciesID=3f5eff3cc61b1640f2a6c13eb9d4c9a4 StaticDependenciesID=d247abbb0a723ac02bfa4a76da010a43 
Number of updated asset objects reloaded before import = 0Number of asset objects unloaded after import = 2

========================================================================
Received Import Request.
  Time since last request: 0.000036 seconds.
  path: Assets/RoadArchitect/ManualImages/Extra/wbeam.PNG
  importAddress: Guid(30251ea74efbf8e40baad21b45ced9fb) Importer(815301076,1909f56bfc062723c751e8b465ee728b)
Start importing Assets/RoadArchitect/ManualImages/Extra/wbeam.PNG using Guid(30251ea74efbf8e40baad21b45ced9fb) Importer(815301076,1909f56bfc062723c751e8b465ee728b) (PreviewImporter) -> (Import Result ID: 'da1718db9f91e4c904f2194b2e6dc36f') in 0.003440208 seconds [static and dynamic dependencies]. Details - ImportResultOutputID=da0742a5abb6d97f1db48efa01feebed DependenciesID=7afe36d313e1fe14b28cefafc2f15dbc StaticDependenciesID=f49a79c76589ce89ad1fd0a322b0e36f 
Number of updated asset objects reloaded before import = 0Number of asset objects unloaded after import = 2

========================================================================
Received Import Request.
  Time since last request: 0.000088 seconds.
  path: Assets/RoadArchitect/ManualImages/Splatmap.png
  importAddress: Guid(fd163bcc58f21fb4d8967ca17715c495) Importer(815301076,1909f56bfc062723c751e8b465ee728b)
Start importing Assets/RoadArchitect/ManualImages/Splatmap.png using Guid(fd163bcc58f21fb4d8967ca17715c495) Importer(815301076,1909f56bfc062723c751e8b465ee728b) (PreviewImporter) -> (Import Result ID: 'c4c3c5b547d9cfc6bc1af5479111c48c') in 0.004800167 seconds [static and dynamic dependencies]. Details - ImportResultOutputID=bc393ceee1eed69900dbe0876c2ad2a8 DependenciesID=3c941196de936665af0804b948db7438 StaticDependenciesID=d7ee3895c90f5f7aff281271fe8b9672 
Number of updated asset objects reloaded before import = 0Number of asset objects unloaded after import = 2

========================================================================
Received Import Request.
  Time since last request: 0.000066 seconds.
  path: Assets/RoadArchitect/Textures/Markers/RoadConn-4L.png
  importAddress: Guid(c8ebb152c36c56542a9b359928af60e9) Importer(815301076,1909f56bfc062723c751e8b465ee728b)
Start importing Assets/RoadArchitect/Textures/Markers/RoadConn-4L.png using Guid(c8ebb152c36c56542a9b359928af60e9) Importer(815301076,1909f56bfc062723c751e8b465ee728b) (PreviewImporter) -> (Import Result ID: 'c39c8e74d3cc098ce2ceca3e7802fd4b') in 0.004260875 seconds [static and dynamic dependencies]. Details - ImportResultOutputID=874969ff9c7e4a4a40be4d6fc6e4ab97 DependenciesID=5ac67f3b566b56b0b0bea02da2e7d179 StaticDependenciesID=6c896eacc6698aa1ac454d7cbb1729b4 
Number of updated asset objects reloaded before import = 0Number of asset objects unloaded after import = 2

========================================================================
Received Import Request.
  Time since last request: 0.000068 seconds.
  path: Assets/RoadArchitect/ManualImages/RoadObject4.png
  importAddress: Guid(33aa1f2a1f345e94eab07486c9605599) Importer(815301076,1909f56bfc062723c751e8b465ee728b)
Start importing Assets/RoadArchitect/ManualImages/RoadObject4.png using Guid(33aa1f2a1f345e94eab07486c9605599) Importer(815301076,1909f56bfc062723c751e8b465ee728b) (PreviewImporter) -> (Import Result ID: '93950ec38cfd2b93ad84c256d202f8a5') in 0.005487334 seconds [static and dynamic dependencies]. Details - ImportResultOutputID=bb525ba1cd38e7652e2e199cc1d536f9 DependenciesID=6109f2582b04e635f2b1804a99722331 StaticDependenciesID=61c6d4006f9f603c900966e1f99b3640 
Number of updated asset objects reloaded before import = 0Number of asset objects unloaded after import = 2

========================================================================
Received Import Request.
  Time since last request: 0.000049 seconds.
  path: Assets/RoadArchitect/Textures/FedSigns/396/PassWithCareDiffuse.png
  importAddress: Guid(baaa22813d6ac5444a192695818e552a) Importer(815301076,1909f56bfc062723c751e8b465ee728b)
Start importing Assets/RoadArchitect/Textures/FedSigns/396/PassWithCareDiffuse.png using Guid(baaa22813d6ac5444a192695818e552a) Importer(815301076,1909f56bfc062723c751e8b465ee728b) (PreviewImporter) -> (Import Result ID: '14404cad48936713a66fe08d92bf6e3e') in 0.006126875 seconds [static and dynamic dependencies]. Details - ImportResultOutputID=a23c6e611580773c6ea2ad8d58ade5d5 DependenciesID=be110eb5e0ceede13cd76e80bc41eac8 StaticDependenciesID=02c4de1b9c9bc5ca84642fce18673e7c 
Number of updated asset objects reloaded before import = 0Number of asset objects unloaded after import = 2

Editor requested this worker to shutdown with reason: Scaling down because of idle timeout
AssetImportWorker is now disconnected from the server
Process exiting
