database is locked
[Licensing::Module] Trying to connect to existing licensing client channel...
[Licensing::IpcConnector] Successfully connected to: "LicenseClient-finla" at "2026-06-11T22:06:47.8589212Z"
Built from '6000.4/staging' branch; Version is '6000.4.4f1 (360f97ecca93) revision 3542935'; Using compiler version '194234433'; Build Type 'Release'
OS: 'Windows 11  (10.0.26200) Core' Language: 'en' Physical Memory: 15681 MB
BatchMode: 1, IsHumanControllingUs: 0, StartBugReporterOnCrash: 0, Is64bit: 1
System  architecture: x64
Process architecture: x64
Date: 2026-06-11T22:06:47Z

COMMAND LINE ARGUMENTS:
C:\Program Files\Unity\Hub\Editor\6000.4.4f1\Editor\Unity.exe
-adb2
-batchMode
-noUpm
-name
AssetImportWorker2
-projectPath
C:/GitHub/CarTesting
-logFile
Logs/AssetImportWorker2.log
-srvPort
54113
-licensingIpc
LicenseClient-finla
-force-d3d12
-job-worker-count
5
-background-job-worker-count
8
-gc-helper-count
1
-name
AssetImport
Successfully changed project path to: C:/GitHub/CarTesting
C:/GitHub/CarTesting
[UnityMemory] Configuration Parameters - Can be set up in boot.config
    "memorysetup-temp-allocator-size-gi-baking-worker=262144"
    "memorysetup-temp-allocator-size-gi-baking-worker=262144"
    "memorysetup-temp-allocator-size-gi-baking-worker=262144"
    "memorysetup-temp-allocator-size-gi-baking-worker=262144"
    "memorysetup-temp-allocator-size-gi-baking-worker=262144"
    "memorysetup-temp-allocator-size-nav-mesh-worker=65536"
    "memorysetup-temp-allocator-size-audio-worker=65536"
    "memorysetup-temp-allocator-size-cloud-worker=32768"
    "memorysetup-temp-allocator-size-gfx=262144"
    "memorysetup-temp-allocator-size-preload-manager=33554432"
    "memorysetup-temp-allocator-size-job-worker=262144"
    "memorysetup-temp-allocator-size-background-worker=32768"
    "memorysetup-allocator-temp-initial-block-size-main=262144"
    "memorysetup-allocator-temp-initial-block-size-worker=262144"
    "memorysetup-bucket-allocator-granularity=16"
    "memorysetup-bucket-allocator-bucket-count=8"
    "memorysetup-bucket-allocator-block-size=33554432"
    "memorysetup-bucket-allocator-block-count=8"
    "memorysetup-main-allocator-block-size=16777216"
    "memorysetup-thread-allocator-block-size=16777216"
    "memorysetup-gfx-main-allocator-block-size=16777216"
    "memorysetup-gfx-thread-allocator-block-size=16777216"
    "memorysetup-cache-allocator-block-size=4194304"
    "memorysetup-typetree-allocator-block-size=2097152"
    "memorysetup-profiler-bucket-allocator-granularity=16"
    "memorysetup-profiler-bucket-allocator-bucket-count=8"
    "memorysetup-profiler-bucket-allocator-block-size=33554432"
    "memorysetup-profiler-bucket-allocator-block-count=8"
    "memorysetup-profiler-allocator-block-size=16777216"
    "memorysetup-profiler-editor-allocator-block-size=1048576"
    "memorysetup-temp-allocator-size-main=16777216"
    "memorysetup-job-temp-allocator-block-size=2097152"
    "memorysetup-job-temp-allocator-block-size-background=1048576"
    "memorysetup-job-temp-allocator-reduction-small-platforms=262144"
Player connection [6720]  Target information:

Player connection [6720]  * "[IP] 10.10.2.13 [Port] 0 [Flags] 2 [Guid] 3116061892 [EditorId] 3116061892 [Version] 1048832 [Id] WindowsEditor(7,Elephant) [Debug] 1 [PackageName] WindowsEditor [ProjectName] Editor" 

Player connection [6720] Host joined multi-casting on [225.0.0.222:54997]...
Player connection [6720] Host joined alternative multi-casting on [225.0.0.222:34997]...
JobSystem: Creating JobQueue using job-worker-count value 5
Input System module state changed to: Initialized.
[Physics::Module] Initialized fallback backend.
[Physics::Module] Id: 0xdecafbad
Library Redirect Path: Library/
[Physics::Module] Selected backend.
[Physics::Module] Name: PhysX
[Physics::Module] Id: 0xf2b8ea05
[Physics::Module] SDK Version: 4.1.2
[Physics::Module] Integration Version: 1.0.0
[Physics::Module] Threading Mode: Multi-Threaded
Refreshing native plugins compatible for Editor in 41.38 ms, found 4 plugins.
Initialize engine version: 6000.4.4f1 (360f97ecca93)
[Subsystems] Discovering subsystems at path C:/Program Files/Unity/Hub/Editor/6000.4.4f1/Editor/Data/Resources/UnitySubsystems
[Subsystems] Discovering subsystems at path C:/GitHub/CarTesting/Assets
Forcing GfxDevice: Direct3D 12
GfxDevice: creating device client; kGfxThreadingModeNonThreaded
d3d12: failed to query info queue interface (0x80004002).
Direct3D:
    Version:         Direct3D 12 [level 12.1]
    Renderer:        AMD Radeon(TM) Graphics (ID=0x1681)
    Vendor:          ATI
    VRAM:            7840 MB
    App VRAM Budget: 7651 MB
    Driver:          32.0.21032.4002
    Unified Memory Architecture
Initialize mono
Mono path[0] = 'C:/Program Files/Unity/Hub/Editor/6000.4.4f1/Editor/Data/Managed'
Mono path[1] = 'C:/Program Files/Unity/Hub/Editor/6000.4.4f1/Editor/Data/MonoBleedingEdge/lib/mono/unityjit-win32'
Mono config path = 'C:/Program Files/Unity/Hub/Editor/6000.4.4f1/Editor/Data/MonoBleedingEdge/etc'
Using monoOptions --debugger-agent=transport=dt_socket,embedding=1,server=y,suspend=n,address=127.0.0.1:56444
CodeReloadManager initialized
Begin MonoManager ReloadAssembly
Registering precompiled unity dll's ...
Register platform support module: C:/Program Files/Unity/Hub/Editor/6000.4.4f1/Editor/Data/PlaybackEngines/WebGLSupport/UnityEditor.WebGL.Extensions.dll
Register platform support module: C:/Program Files/Unity/Hub/Editor/6000.4.4f1/Editor/Data/PlaybackEngines/WindowsStandaloneSupport/UnityEditor.WindowsStandalone.Extensions.dll
Registered in 0.007244 seconds.
Native extension for WindowsStandalone target not found
Native extension for WebGL target not found
Package Manager log level set to [2]
[Package Manager] Failed to launch server process. Reason: Unity was launched with the -noUpm command-line argument
[Package Manager] Unable to send message (not connected to server process).
[Package Manager] Cannot connect to Unity Package Manager local server
ScheduleIndexationOnStartup MainProcess:False IndexOnStartup:True
Mono: successfully reloaded assembly
- Finished resetting the current domain, in  1.202 seconds
Domain Reload Profiling: 2469ms
	BeginReloadAssembly (287ms)
	RebuildCommonClasses (72ms)
	RebuildNativeTypeToScriptingClass (32ms)
	initialDomainReloadingComplete (206ms)
	LoadAllAssembliesAndSetupDomain (663ms)
		LoadAssemblies (278ms)
		AnalyzeDomain (630ms)
			TypeCache.Refresh (627ms)
				TypeCache.ScanAssembly (589ms)
	FinalizeReload (1209ms)
		SetupLoadedEditorAssemblies (0ms)
			InitializePlatformSupportModulesInManaged (145ms)
			BeforeProcessingInitializeOnLoad (254ms)
			ProcessInitializeOnLoadAttributes (333ms)
			ProcessInitializeOnLoadMethodAttributes (291ms)
Assembly reference Packages/com.unity.cinemachine/Editor/Samples/ExposeHDRPInternals/HDRP-Editor-ref.asmref has no target assembly definition
========================================================================
Worker process is ready to serve import requests
Import Worker Mode flag is 0x00
Assembly reference Packages/com.unity.cinemachine/Editor/Samples/ExposeHDRPInternals/HDRP-Editor-ref.asmref has no target assembly definition
Assembly reference Packages/com.unity.cinemachine/Editor/Samples/ExposeHDRPInternals/HDRP-Editor-ref.asmref has no target assembly definition
Begin MonoManager ReloadAssembly
[Licensing::Module] Licensing is not yet initialized.
[Licensing::Client] Error: HandshakeResponse reported an error:
	ResponseCode: 505
	ResponseStatus: Unsupported protocol version '1.18.1'.
[Licensing::Module] Error: Failed to handshake to channel: "LicenseClient-finla"
[Licensing::IpcConnector] LicenseClient-finla channel disconnected successfully.
[Licensing::IpcConnector] Successfully connected to: "LicenseClient-finla-6000.4.4" at "2026-06-11T22:06:53.5552643Z"
[Licensing::Client] Handshaking with LicensingClient:
  Version:                 1.18.1+9fbee8e
  Session Id:              64d0688e51414ce0b0831f5882c74f0c
  Correlation Id:          a87f990974c87333cb15c752bf7e8e0f
  External correlation Id: 8915285600743313866
  Machine Id:              kS2MSEUP+PhHajfq4lupfhYLziU=
[Licensing::Module] Successfully connected to LicensingClient on channel: "LicenseClient-finla-6000.4.4" (connect: 0.00s, validation: 0.00s, handshake: 4.42s)
[Licensing::IpcConnector] Successfully connected to: "LicenseClient-finla-6000.4.4-notifications" at "2026-06-11T22:06:57.9838974Z"
[Licensing::Module] Licensing Background thread has ended after 10.13s
[Licensing::Module] Licensing is initialized (took 4.83s).
[Licensing::Client] Successfully resolved entitlement details
[Licensing::Module] License group:
  Id: 17867501111429-UnityPersXXXX
  Product: Unity Personal
  Type: Assigned
  Expiration: Unlimited
Assembly Assembly-CSharp-Editor-firstpass.dll at Library/ScriptAssemblies/Assembly-CSharp-Editor-firstpass.dll not valid. Loading of assembly skipped.
Assembly Assembly-CSharp-firstpass.dll at Library/ScriptAssemblies/Assembly-CSharp-firstpass.dll not valid. Loading of assembly skipped.
Assembly DocCodeExamples.dll at Library/ScriptAssemblies/DocCodeExamples.dll not valid. Loading of assembly skipped.
Assembly TestNewCustomAssembly.dll at Library/ScriptAssemblies/TestNewCustomAssembly.dll not valid. Loading of assembly skipped.
Assembly Unity.Collections.BurstCompatibilityGen.dll at Library/ScriptAssemblies/Unity.Collections.BurstCompatibilityGen.dll not valid. Loading of assembly skipped.
Assembly Unity.Collections.DocCodeSamples.dll at Library/ScriptAssemblies/Unity.Collections.DocCodeSamples.dll not valid. Loading of assembly skipped.
Assembly Unity.Collections.PerformanceTests.dll at Library/ScriptAssemblies/Unity.Collections.PerformanceTests.dll not valid. Loading of assembly skipped.
Assembly Unity.Collections.Tests.dll at Library/ScriptAssemblies/Unity.Collections.Tests.dll not valid. Loading of assembly skipped.
Assembly Unity.Collections.Tests.Playmode.dll at Library/ScriptAssemblies/Unity.Collections.Tests.Playmode.dll not valid. Loading of assembly skipped.
Assembly Unity.InputSystem.IntegrationTests.dll at Library/ScriptAssemblies/Unity.InputSystem.IntegrationTests.dll not valid. Loading of assembly skipped.
Assembly Unity.Mathematics.Tests.dll at Library/ScriptAssemblies/Unity.Mathematics.Tests.dll not valid. Loading of assembly skipped.
Assembly Unity.Multiplayer.Center.Editor.Tests.dll at Library/ScriptAssemblies/Unity.Multiplayer.Center.Editor.Tests.dll not valid. Loading of assembly skipped.
Assembly Unity.Multiplayer.Center.Tests.dll at Library/ScriptAssemblies/Unity.Multiplayer.Center.Tests.dll not valid. Loading of assembly skipped.
Assembly Unity.Nuget.Mono-Cecil.dll at Library/ScriptAssemblies/Unity.Nuget.Mono-Cecil.dll not valid. Loading of assembly skipped.
Assembly Unity.PathTracing.Editor.Tests.dll at Library/ScriptAssemblies/Unity.PathTracing.Editor.Tests.dll not valid. Loading of assembly skipped.
Assembly Unity.PathTracing.Runtime.Tests.dll at Library/ScriptAssemblies/Unity.PathTracing.Runtime.Tests.dll not valid. Loading of assembly skipped.
Assembly Unity.RenderPipelines.Core.Editor.Tests.dll at Library/ScriptAssemblies/Unity.RenderPipelines.Core.Editor.Tests.dll not valid. Loading of assembly skipped.
Assembly Unity.RenderPipelines.Core.Runtime.Tests.dll at Library/ScriptAssemblies/Unity.RenderPipelines.Core.Runtime.Tests.dll not valid. Loading of assembly skipped.
Assembly Unity.RenderPipelines.Universal.Config.Editor.Tests.dll at Library/ScriptAssemblies/Unity.RenderPipelines.Universal.Config.Editor.Tests.dll not valid. Loading of assembly skipped.
Assembly Unity.RenderPipelines.Universal.Editor.Tests.dll at Library/ScriptAssemblies/Unity.RenderPipelines.Universal.Editor.Tests.dll not valid. Loading of assembly skipped.
Assembly Unity.RenderPipelines.Universal.Runtime.Tests.dll at Library/ScriptAssemblies/Unity.RenderPipelines.Universal.Runtime.Tests.dll not valid. Loading of assembly skipped.
Assembly Unity.Searcher.EditorTests.dll at Library/ScriptAssemblies/Unity.Searcher.EditorTests.dll not valid. Loading of assembly skipped.
Assembly Unity.Settings.Tests.dll at Library/ScriptAssemblies/Unity.Settings.Tests.dll not valid. Loading of assembly skipped.
Assembly Unity.ShaderGraph.Editor.Tests.dll at Library/ScriptAssemblies/Unity.ShaderGraph.Editor.Tests.dll not valid. Loading of assembly skipped.
Assembly Unity.TextMeshPro.Editor.Tests.dll at Library/ScriptAssemblies/Unity.TextMeshPro.Editor.Tests.dll not valid. Loading of assembly skipped.
Assembly Unity.TextMeshPro.Tests.dll at Library/ScriptAssemblies/Unity.TextMeshPro.Tests.dll not valid. Loading of assembly skipped.
Assembly Unity.UnifiedRayTracing.Editor.Tests.dll at Library/ScriptAssemblies/Unity.UnifiedRayTracing.Editor.Tests.dll not valid. Loading of assembly skipped.
Assembly UnityEditor.UI.Common.Tests.dll at Library/ScriptAssemblies/UnityEditor.UI.Common.Tests.dll not valid. Loading of assembly skipped.
Assembly UnityEditor.UI.EditorTests.dll at Library/ScriptAssemblies/UnityEditor.UI.EditorTests.dll not valid. Loading of assembly skipped.
Assembly UnityEngine.UI.Tests.dll at Library/ScriptAssemblies/UnityEngine.UI.Tests.dll not valid. Loading of assembly skipped.
Assembly reference Packages/com.unity.cinemachine/Editor/Samples/ExposeHDRPInternals/HDRP-Editor-ref.asmref has no target assembly definition
'Packages/com.unity.cinemachine/Editor/Obsolete/CinemachineVirtualCameraBaseEditor.cs' contains partial class of Unity.Object, exactly 1 of the partial classes needs to be in a file with the same filename. This is to know the one that can be referenced from ie. GameObjects
'Packages/com.unity.cinemachine/Editor/Editors/CinemachineVirtualCameraBaseEditor.cs' contains partial class of Unity.Object, exactly 1 of the partial classes needs to be in a file with the same filename. This is to know the one that can be referenced from ie. GameObjects
Refreshing native plugins compatible for Editor in 3.83 ms, found 4 plugins.
Native extension for WindowsStandalone target not found
Native extension for WebGL target not found
Assembly reference Packages/com.unity.cinemachine/Editor/Samples/ExposeHDRPInternals/HDRP-Editor-ref.asmref has no target assembly definition
[Package Manager] Failed to launch server process. Reason: Unity was launched with the -noUpm command-line argument
[Package Manager] Unable to send message (not connected to server process).
[Package Manager] Cannot connect to Unity Package Manager local server
[Package Manager] Failed to launch server process. Reason: Unity was launched with the -noUpm command-line argument
[Package Manager] Unable to send message (not connected to server process).
[Package Manager] Cannot connect to Unity Package Manager local server
[Package Manager] Failed to launch server process. Reason: Unity was launched with the -noUpm command-line argument
[Package Manager] Unable to send message (not connected to server process).
[Package Manager] Cannot connect to Unity Package Manager local server
Refreshing native plugins compatible for Editor in 4.67 ms, found 4 plugins.
ScheduleIndexationOnStartup MainProcess:False IndexOnStartup:True
Mono: successfully reloaded assembly
- Finished resetting the current domain, in  2.139 seconds
Domain Reload Profiling: 8762ms
	BeginReloadAssembly (5233ms)
		DisableScriptedObjects (18ms)
		CreateAndSetChildDomain (61ms)
	RebuildCommonClasses (114ms)
	RebuildNativeTypeToScriptingClass (22ms)
	initialDomainReloadingComplete (140ms)
	LoadAllAssembliesAndSetupDomain (1114ms)
		LoadAssemblies (742ms)
		AnalyzeDomain (572ms)
			TypeCache.Refresh (398ms)
				TypeCache.ScanAssembly (370ms)
			BuildScriptInfoCaches (140ms)
			ResolveRequiredComponents (28ms)
	FinalizeReload (2140ms)
		SetupLoadedEditorAssemblies (0ms)
			InitializePlatformSupportModulesInManaged (5ms)
			BeforeProcessingInitializeOnLoad (347ms)
			ProcessInitializeOnLoadAttributes (1092ms)
			ProcessInitializeOnLoadMethodAttributes (161ms)
			AfterProcessingInitializeOnLoad (16ms)
		AwakeInstancesAfterBackupRestoration (16ms)
Launched and connected shader compiler UnityShaderCompiler.exe after 0.11 seconds
Refreshing native plugins compatible for Editor in 4.62 ms, found 4 plugins.
Unloading 25 Unused Serialized files (Serialized files now loaded: 0)
Unloading 6932 unused Assets / (6.8 MB). Loaded Objects now: 7751.
Memory consumption went from 173.8 MB to 166.9 MB.
Total: 21.062700 ms (FindLiveObjects: 1.349800 ms CreateObjectMapping: 1.617900 ms MarkObjects: 12.143700 ms  DeleteObjects: 5.945300 ms)

========================================================================
Received Import Request.
  Time since last request: 402866.507398 seconds.
  path: Assets/TerrainData_e4c177ec-dd29-4e4e-9062-ecd802a3df62.asset
  importAddress: Guid(5f53bd78ba7c14e7ab93fb5628b4aafe) Importer(815301076,1909f56bfc062723c751e8b465ee728b)
Start importing Assets/TerrainData_e4c177ec-dd29-4e4e-9062-ecd802a3df62.asset using Guid(5f53bd78ba7c14e7ab93fb5628b4aafe) Importer(815301076,1909f56bfc062723c751e8b465ee728b) (PreviewImporter) -> (Import Result ID: 'b246d0d8fd2996770c1fe590cf01c395') in 0.2082151 seconds [static and dynamic dependencies]. Details - ImportResultOutputID=051f65e426bbad55c0da80daf5ca9940 DependenciesID=8146154265f593538f5041c0dd965a21 StaticDependenciesID=0b508b5f4db3bfd7bb3111d50ee490be 
Number of updated asset objects reloaded before import = 0Number of asset objects unloaded after import = 4

========================================================================
Received Import Request.
  Time since last request: 0.000053 seconds.
  path: Assets/Materials Collection/4 Snow Materials/Materials/archive/plane.mat
  importAddress: Guid(5c015272d7772694996fbab8771b9c4f) Importer(2089858483,b0f066a214c2f5e87bad3c948f4d605d)
Start importing Assets/Materials Collection/4 Snow Materials/Materials/archive/plane.mat using Guid(5c015272d7772694996fbab8771b9c4f) Importer(2089858483,b0f066a214c2f5e87bad3c948f4d605d) (ScriptedImporter) -> (Import Result ID: '6413218106cae7477c708676d7ee1b9a') in 0.2394677 seconds [static and dynamic dependencies]. Details - ImportResultOutputID=b378cde6a92bd52114d4c5e34099415b DependenciesID=3120ec0e8f595ea373b7feadafacbca0 StaticDependenciesID=9b048d0088028d5e31f9d520191356b6 
Number of updated asset objects reloaded before import = 0Number of asset objects unloaded after import = 1

========================================================================
Received Import Request.
  Time since last request: 0.000054 seconds.
  path: Assets/Materials Collection/4 Snow Materials/Maps/snow_4_he.tga
  importAddress: Guid(d6072d06a68dea94782a93f402bc11ed) Importer(2089858483,b0f066a214c2f5e87bad3c948f4d605d)
Start importing Assets/Materials Collection/4 Snow Materials/Maps/snow_4_he.tga using Guid(d6072d06a68dea94782a93f402bc11ed) Importer(2089858483,b0f066a214c2f5e87bad3c948f4d605d) (ScriptedImporter) -> (Import Result ID: '4280ab00337c36dde6feb1f2562a425d') in 0.2198643 seconds [static and dynamic dependencies]. Details - ImportResultOutputID=cea75ba556f698a3a43fbace1eaf521d DependenciesID=db268b975663c9df98ec4afa4c3c29a4 StaticDependenciesID=0695a9fdd6eaaa4432c4fe0163d0e7f3 
Number of updated asset objects reloaded before import = 0Number of asset objects unloaded after import = 1

========================================================================
Received Import Request.
  Time since last request: 0.000047 seconds.
  path: Assets/TerrainData_92108ea2-a634-4b81-8138-2a8235ca7146.asset
  importAddress: Guid(8954343439202416595048955cb937e0) Importer(815301076,1909f56bfc062723c751e8b465ee728b)
Start importing Assets/TerrainData_92108ea2-a634-4b81-8138-2a8235ca7146.asset using Guid(8954343439202416595048955cb937e0) Importer(815301076,1909f56bfc062723c751e8b465ee728b) (PreviewImporter) -> (Import Result ID: '6835d181d8780f95b394e6a53e18ccbe') in 0.0526129 seconds [static and dynamic dependencies]. Details - ImportResultOutputID=cd0fcdbed00ecde680e4623288e50c0f DependenciesID=fddd1cf6bf3083009d7b7ef83ee70d19 StaticDependenciesID=18efd5fc1e96a2d5929e81feccbe2581 
Number of updated asset objects reloaded before import = 0Number of asset objects unloaded after import = 4

========================================================================
Received Import Request.
  Time since last request: 0.000049 seconds.
  path: Assets/Materials Collection/4 Snow Materials/Textures/Optimized (x1024, PNG -45%)/Materials/snow_2_png_min.mat
  importAddress: Guid(8f133559ccb76e742a3de840b1b604d4) Importer(2089858483,b0f066a214c2f5e87bad3c948f4d605d)
Start importing Assets/Materials Collection/4 Snow Materials/Textures/Optimized (x1024, PNG -45%)/Materials/snow_2_png_min.mat using Guid(8f133559ccb76e742a3de840b1b604d4) Importer(2089858483,b0f066a214c2f5e87bad3c948f4d605d) (ScriptedImporter) -> (Import Result ID: '833daa51f98aadd5471d2dfb0945e6a3') in 0.1378567 seconds [static and dynamic dependencies]. Details - ImportResultOutputID=5a25148604ba8ecd6b7d3042d8a28265 DependenciesID=ca4a1bd993a6b9c1a6011caffc267253 StaticDependenciesID=018cf6b4d1708af5b77b6f409ce56c09 
Number of updated asset objects reloaded before import = 0Number of asset objects unloaded after import = 5

========================================================================
Received Import Request.
  Time since last request: 0.000096 seconds.
  path: Assets/Low Poly Water/Plane Meshes
  importAddress: Guid(e5b8a6725bd6f4f129a85c202bc51256) Importer(2089858483,b0f066a214c2f5e87bad3c948f4d605d)
Start importing Assets/Low Poly Water/Plane Meshes using Guid(e5b8a6725bd6f4f129a85c202bc51256) Importer(2089858483,b0f066a214c2f5e87bad3c948f4d605d) (ScriptedImporter) -> (Import Result ID: '5a1e218fb52fc586ae05783c31f3f4f7') in 0.0313634 seconds [static and dynamic dependencies]. Details - ImportResultOutputID=c8fca90fdffe6c57de430afc293cd4fe DependenciesID=6a4fe248b0fe223a565c5084f35d6889 StaticDependenciesID=27ab69469ef9f88bafeef444ce2b293f 
Number of updated asset objects reloaded before import = 0Number of asset objects unloaded after import = 1

========================================================================
Received Import Request.
  Time since last request: 0.000056 seconds.
  path: Assets/LowPolyWater_Pack/_Demo
  importAddress: Guid(b5f8a0e7878d0e3478bda48d5ffc421c) Importer(2089858483,b0f066a214c2f5e87bad3c948f4d605d)
Start importing Assets/LowPolyWater_Pack/_Demo using Guid(b5f8a0e7878d0e3478bda48d5ffc421c) Importer(2089858483,b0f066a214c2f5e87bad3c948f4d605d) (ScriptedImporter) -> (Import Result ID: '639a5f7403a20491e102067bbf18f95f') in 0.0235828 seconds [static and dynamic dependencies]. Details - ImportResultOutputID=c49795a79b71d9b949f867a48eea4a6a DependenciesID=031b504cf6e43e34156757907b397222 StaticDependenciesID=c150ad70188fce38146fc1cd7098b22b 
Number of updated asset objects reloaded before import = 0Number of asset objects unloaded after import = 1

========================================================================
Received Import Request.
  Time since last request: 0.000127 seconds.
  path: Assets/Materials Collection/4 Snow Materials/Materials/archive
  importAddress: Guid(41718c1b3833bb549844f61e9cec57bd) Importer(2089858483,b0f066a214c2f5e87bad3c948f4d605d)
Start importing Assets/Materials Collection/4 Snow Materials/Materials/archive using Guid(41718c1b3833bb549844f61e9cec57bd) Importer(2089858483,b0f066a214c2f5e87bad3c948f4d605d) (ScriptedImporter) -> (Import Result ID: '155968a1d971e328002d8d96d4fbc2af') in 0.033124 seconds [static and dynamic dependencies]. Details - ImportResultOutputID=5c77b345749f6f2f8cee5efa220d1f92 DependenciesID=f2e21adaff07758c19f2c9748dce1bfc StaticDependenciesID=cbc26c1b42b5752a91f1506065f0df42 
Number of updated asset objects reloaded before import = 0Number of asset objects unloaded after import = 1

========================================================================
Received Import Request.
  Time since last request: 0.000035 seconds.
  path: Assets/LowPolyWater_Pack/Textures
  importAddress: Guid(4b28456b986a9d349b1308694aab876a) Importer(2089858483,b0f066a214c2f5e87bad3c948f4d605d)
Start importing Assets/LowPolyWater_Pack/Textures using Guid(4b28456b986a9d349b1308694aab876a) Importer(2089858483,b0f066a214c2f5e87bad3c948f4d605d) (ScriptedImporter) -> (Import Result ID: 'c1ef052ebee3b6be3c2996544896b5f5') in 0.0229607 seconds [static and dynamic dependencies]. Details - ImportResultOutputID=4621981fedd049c243df06d77b8b5bd5 DependenciesID=0dc54e2e395e9f9d1da44bba8b7d75aa StaticDependenciesID=fd60d95e29db9cbeec2d112d3afbd749 
Number of updated asset objects reloaded before import = 0Number of asset objects unloaded after import = 1

========================================================================
Received Import Request.
  Time since last request: 0.000058 seconds.
  path: Assets/Materials Collection/4 Snow Materials/Textures/snow_3_tga.tga
  importAddress: Guid(27cfa95353763794dafd1452e4c6b6a6) Importer(2089858483,b0f066a214c2f5e87bad3c948f4d605d)
Start importing Assets/Materials Collection/4 Snow Materials/Textures/snow_3_tga.tga using Guid(27cfa95353763794dafd1452e4c6b6a6) Importer(2089858483,b0f066a214c2f5e87bad3c948f4d605d) (ScriptedImporter) -> (Import Result ID: 'ae23056646e112a20bceec0d8269b0af') in 0.0376999 seconds [static and dynamic dependencies]. Details - ImportResultOutputID=a796b992b8a4e2192f2ae79451968002 DependenciesID=15922a8b5a8052a2456333ae161a9c93 StaticDependenciesID=692d926741407f79ed70610c658d2849 
Number of updated asset objects reloaded before import = 0Number of asset objects unloaded after import = 1

========================================================================
Received Import Request.
  Time since last request: 0.000036 seconds.
  path: Assets/Materials Collection/4 Snow Materials/Materials/snow_3_tga.mat
  importAddress: Guid(1a37d212766c4e444bd183225d3816c9) Importer(2089858483,b0f066a214c2f5e87bad3c948f4d605d)
Start importing Assets/Materials Collection/4 Snow Materials/Materials/snow_3_tga.mat using Guid(1a37d212766c4e444bd183225d3816c9) Importer(2089858483,b0f066a214c2f5e87bad3c948f4d605d) (ScriptedImporter) -> (Import Result ID: '26a8312e7515030ffcc4ee00485a2d65') in 0.0694906 seconds [static and dynamic dependencies]. Details - ImportResultOutputID=d2bc8da7517623f50f1f680f0cfcdc30 DependenciesID=ed0f3a93a4486e405b7fa5bf7d2e9793 StaticDependenciesID=d34298b88f75cb7c6da16cd8dc5e84c7 
Number of updated asset objects reloaded before import = 0Number of asset objects unloaded after import = 5

========================================================================
Received Import Request.
  Time since last request: 0.000035 seconds.
  path: Assets/Materials Collection/4 Snow Materials/Maps/snow_3_ao.tga
  importAddress: Guid(be8c588146460864ab61c3973fdb5e66) Importer(2089858483,b0f066a214c2f5e87bad3c948f4d605d)
Start importing Assets/Materials Collection/4 Snow Materials/Maps/snow_3_ao.tga using Guid(be8c588146460864ab61c3973fdb5e66) Importer(2089858483,b0f066a214c2f5e87bad3c948f4d605d) (ScriptedImporter) -> (Import Result ID: 'd698919b1ca5c0d35411144431654beb') in 0.033001 seconds [static and dynamic dependencies]. Details - ImportResultOutputID=9ab15ae7c95fc1f4a717568f73527e8d DependenciesID=814e7b959f49fe62d4846d007725973e StaticDependenciesID=d2ac73eec93faeb8fa455a29ff6520ce 
Number of updated asset objects reloaded before import = 0Number of asset objects unloaded after import = 1

========================================================================
Received Import Request.
  Time since last request: 0.000051 seconds.
  path: Assets/Materials Collection/4 Snow Materials/Textures
  importAddress: Guid(159af93990f03744cabf248289249e8d) Importer(2089858483,b0f066a214c2f5e87bad3c948f4d605d)
Start importing Assets/Materials Collection/4 Snow Materials/Textures using Guid(159af93990f03744cabf248289249e8d) Importer(2089858483,b0f066a214c2f5e87bad3c948f4d605d) (ScriptedImporter) -> (Import Result ID: '41c493132d9c41afea05e893eac31d56') in 0.022875 seconds [static and dynamic dependencies]. Details - ImportResultOutputID=03bc2e29349b86a02f10ad9f86e0fa53 DependenciesID=512866cad14a0037775b2e3bed978e35 StaticDependenciesID=e82adb6a6a06b64547cd61102c82640c 
Number of updated asset objects reloaded before import = 0Number of asset objects unloaded after import = 1

========================================================================
Received Import Request.
  Time since last request: 0.000030 seconds.
  path: Assets/Materials Collection/4 Snow Materials/Textures/Optimized (x1024, PNG -45%)/Materials/snow_3_png_min.mat
  importAddress: Guid(1acfa0f4ac8118f45aa7d0aaf4b28de2) Importer(2089858483,b0f066a214c2f5e87bad3c948f4d605d)
Start importing Assets/Materials Collection/4 Snow Materials/Textures/Optimized (x1024, PNG -45%)/Materials/snow_3_png_min.mat using Guid(1acfa0f4ac8118f45aa7d0aaf4b28de2) Importer(2089858483,b0f066a214c2f5e87bad3c948f4d605d) (ScriptedImporter) -> (Import Result ID: '6c3746350d3ff37580bc645bef32a87f') in 0.0385388 seconds [static and dynamic dependencies]. Details - ImportResultOutputID=7c890bd651f843564768b92e815aad28 DependenciesID=e951ea1ae97409bcc444ead0cf2c15f4 StaticDependenciesID=4918f371ed59daf0d51bfb40aa99dea5 
Number of updated asset objects reloaded before import = 0Number of asset objects unloaded after import = 5

========================================================================
Received Import Request.
  Time since last request: 0.000038 seconds.
  path: Assets/Materials Collection/4 Snow Materials/Textures/Optimized (x1024, PNG -45%)
  importAddress: Guid(834f1c0bdf764f44682ba06653ca8239) Importer(2089858483,b0f066a214c2f5e87bad3c948f4d605d)
Start importing Assets/Materials Collection/4 Snow Materials/Textures/Optimized (x1024, PNG -45%) using Guid(834f1c0bdf764f44682ba06653ca8239) Importer(2089858483,b0f066a214c2f5e87bad3c948f4d605d) (ScriptedImporter) -> (Import Result ID: '89a7b18e2c937c3c44469e04d6da146b') in 0.0438444 seconds [static and dynamic dependencies]. Details - ImportResultOutputID=5fe7969d08861f40d5fda393a2ec9342 DependenciesID=3f0fa418dd9940bb71e1804ccb2257f0 StaticDependenciesID=b77bcb825cddcf9be98da491766ac4b3 
Number of updated asset objects reloaded before import = 0Number of asset objects unloaded after import = 1

========================================================================
Received Import Request.
  Time since last request: 0.000063 seconds.
  path: Assets/LowPolyWater_Pack/Animation
  importAddress: Guid(b5ceb4c51f4752241b2e08f466421a7d) Importer(2089858483,b0f066a214c2f5e87bad3c948f4d605d)
Start importing Assets/LowPolyWater_Pack/Animation using Guid(b5ceb4c51f4752241b2e08f466421a7d) Importer(2089858483,b0f066a214c2f5e87bad3c948f4d605d) (ScriptedImporter) -> (Import Result ID: '31f7468c0457bae300af93ecc11ed119') in 0.0333144 seconds [static and dynamic dependencies]. Details - ImportResultOutputID=70fc54388c67e987815c216f474d058a DependenciesID=9ef1162ce144666cf11721773e1deca4 StaticDependenciesID=dfed5685887c40205d69fb978d7a4ba9 
Number of updated asset objects reloaded before import = 0Number of asset objects unloaded after import = 1

========================================================================
Received Import Request.
  Time since last request: 0.000072 seconds.
  path: Assets/LowPolyWater_Pack/Scripts/Editor
  importAddress: Guid(34df541ef38b1c0498aec787c3861a90) Importer(2089858483,b0f066a214c2f5e87bad3c948f4d605d)
Start importing Assets/LowPolyWater_Pack/Scripts/Editor using Guid(34df541ef38b1c0498aec787c3861a90) Importer(2089858483,b0f066a214c2f5e87bad3c948f4d605d) (ScriptedImporter) -> (Import Result ID: '7c19f7cb8c277a0397c3baf93ff7fb45') in 0.0386054 seconds [static and dynamic dependencies]. Details - ImportResultOutputID=0febcd4b7309acee07954e4560c72b39 DependenciesID=cbbfdb1adc83c4fa8f80989c68009cc5 StaticDependenciesID=c9d349a2bff386b6ab9a24637768ab71 
Number of updated asset objects reloaded before import = 0Number of asset objects unloaded after import = 1

========================================================================
Received Import Request.
  Time since last request: 0.000038 seconds.
  path: Assets/LowPolyWater_Pack/_Demo/DemoScene/LightingData.asset
  importAddress: Guid(df2f8840774cf4dee9cee2eb4d91129e) Importer(2089858483,b0f066a214c2f5e87bad3c948f4d605d)
Start importing Assets/LowPolyWater_Pack/_Demo/DemoScene/LightingData.asset using Guid(df2f8840774cf4dee9cee2eb4d91129e) Importer(2089858483,b0f066a214c2f5e87bad3c948f4d605d) (ScriptedImporter) -> (Import Result ID: '556196c93dd072e8c093ca400eb42561') in 0.0254235 seconds [static and dynamic dependencies]. Details - ImportResultOutputID=82527c2e664e06c5075a132457749f78 DependenciesID=fcf60f2c105741a53f57ac0ed7c413d3 StaticDependenciesID=7922baa13145d1eeacd201739b91e05e 
Number of updated asset objects reloaded before import = 0Number of asset objects unloaded after import = 2

Editor requested this worker to shutdown with reason: Scaling down because of idle timeout
AssetImportWorker is now disconnected from the server
Process exiting
Exiting without the bug reporter. Application will terminate with return code 0